Jan 31 13:22:49 bastion sshd[6004]: Failed keyboard-interactive/pam for root from 49.88.112.75 port 16690 ssh2
Jan 31 13:22:50 bastion sshd[6004]: error: PAM: Authentication failure for root from 49.88.112.75
Jan 31 13:22:50 bastion sshd[6004]: Failed keyboard-interactive/pam for root from 49.88.112.75 port 16690 ssh2
Jan 31 13:22:50 bastion sshd[6004]: Received disconnect from 49.88.112.75 port 16690:11:  [preauth]
Jan 31 13:22:50 bastion sshd[6004]: Disconnected from authenticating user root 49.88.112.75 port 16690 [preauth]
Jan 31 13:23:48 bastion sshd[6009]: Connection from 181.198.61.82 port 54490 on 164.8.230.209 port 22 rdomain ""
Jan 31 13:23:49 bastion sshd[6009]: Connection closed by 181.198.61.82 port 54490 [preauth]
Jan 31 13:24:17 bastion sshd[6011]: Connection from 49.88.112.75 port 37244 on 164.8.230.209 port 22 rdomain ""
Jan 31 13:24:20 bastion sshd[6011]: error: PAM: Authentication failure for root from 49.88.112.75
Jan 31 13:24:20 bastion sshd[6011]: Failed keyboard-interactive/pam for root from 49.88.112.75 port 37244 ssh2
Jan 31 13:24:20 bastion sshd[6011]: error: PAM: Authentication failure for root from 49.88.112.75
Jan 31 13:24:20 bastion sshd[6011]: Failed keyboard-interactive/pam for root from 49.88.112.75 port 37244 ssh2
Jan 31 13:24:20 bastion sshd[6011]: error: PAM: Authentication failure for root from 49.88.112.75
Jan 31 13:24:20 bastion sshd[6011]: Failed keyboard-interactive/pam for root from 49.88.112.75 port 37244 ssh2
Jan 31 13:24:21 bastion sshd[6011]: Received disconnect from 49.88.112.75 port 37244:11:  [preauth]
Jan 31 13:24:21 bastion sshd[6011]: Disconnected from authenticating user root 49.88.112.75 port 37244 [preauth]
Jan 31 13:25:07 bastion sshd[6016]: Connection from 128.199.103.239 port 47164 on 164.8.230.209 port 22 rdomain ""
Jan 31 13:25:08 bastion sshd[6016]: Connection closed by 128.199.103.239 port 47164 [preauth]
Jan 31 13:25:35 bastion sshd[6018]: Connection from 184.145.167.92 port 36705 on 164.8.230.209 port 22 rdomain ""
Jan 31 13:25:35 bastion sshd[6018]: Connection closed by 184.145.167.92 port 36705 [preauth]
Jan 31 13:25:48 bastion sshd[6020]: Connection from 49.88.112.75 port 17766 on 164.8.230.209 port 22 rdomain ""
Jan 31 13:25:56 bastion sshd[6020]: error: PAM: Authentication failure for root from 49.88.112.75
Jan 31 13:25:56 bastion sshd[6020]: Failed keyboard-interactive/pam for root from 49.88.112.75 port 17766 ssh2
Jan 31 13:25:57 bastion sshd[6020]: error: PAM: Authentication failure for root from 49.88.112.75
Jan 31 13:25:57 bastion sshd[6020]: Failed keyboard-interactive/pam for root from 49.88.112.75 port 17766 ssh2
Jan 31 13:25:57 bastion sshd[6020]: error: PAM: Authentication failure for root from 49.88.112.75
Jan 31 13:25:57 bastion sshd[6020]: Failed keyboard-interactive/pam for root from 49.88.112.75 port 17766 ssh2
Jan 31 13:25:58 bastion sshd[6020]: Received disconnect from 49.88.112.75 port 17766:11:  [preauth]
Jan 31 13:25:58 bastion sshd[6020]: Disconnected from authenticating user root 49.88.112.75 port 17766 [preauth]
Jan 31 13:27:20 bastion sshd[6026]: Connection from 49.88.112.75 port 43696 on 164.8.230.209 port 22 rdomain ""
Jan 31 13:27:24 bastion sshd[6026]: error: PAM: Authentication failure for root from 49.88.112.75
Jan 31 13:27:24 bastion sshd[6026]: Failed keyboard-interactive/pam for root from 49.88.112.75 port 43696 ssh2
Jan 31 13:27:24 bastion sshd[6026]: error: PAM: Authentication failure for root from 49.88.112.75
Jan 31 13:27:24 bastion sshd[6026]: Failed keyboard-interactive/pam for root from 49.88.112.75 port 43696 ssh2
Jan 31 13:27:26 bastion sshd[6026]: error: PAM: Authentication failure for root from 49.88.112.75
Jan 31 13:27:26 bastion sshd[6026]: Failed keyboard-interactive/pam for root from 49.88.112.75 port 43696 ssh2
Jan 31 13:27:26 bastion sshd[6026]: Received disconnect from 49.88.112.75 port 43696:11:  [preauth]
Jan 31 13:27:26 bastion sshd[6026]: Disconnected from authenticating user root 49.88.112.75 port 43696 [preauth]
Jan 31 13:29:01 bastion sshd[6031]: Connection from 49.88.112.75 port 57647 on 164.8.230.209 port 22 rdomain ""
Jan 31 13:29:04 bastion sshd[6031]: error: PAM: Authentication failure for root from 49.88.112.75
Jan 31 13:29:04 bastion sshd[6031]: Failed keyboard-interactive/pam for root from 49.88.112.75 port 57647 ssh2
Jan 31 13:29:04 bastion sshd[6031]: error: PAM: Authentication failure for root from 49.88.112.75
Jan 31 13:29:04 bastion sshd[6031]: Failed keyboard-interactive/pam for root from 49.88.112.75 port 57647 ssh2
Jan 31 13:29:04 bastion sshd[6031]: error: PAM: Authentication failure for root from 49.88.112.75
Jan 31 13:29:05 bastion sshd[6031]: Failed keyboard-interactive/pam for root from 49.88.112.75 port 57647 ssh2
Jan 31 13:29:05 bastion sshd[6031]: Received disconnect from 49.88.112.75 port 57647:11:  [preauth]
Jan 31 13:29:05 bastion sshd[6031]: Disconnected from authenticating user root 49.88.112.75 port 57647 [preauth]
Jan 31 13:30:28 bastion sshd[6047]: Connection from 49.88.112.75 port 37033 on 164.8.230.209 port 22 rdomain ""
Jan 31 13:30:32 bastion sshd[6047]: error: PAM: Authentication failure for root from 49.88.112.75
Jan 31 13:30:32 bastion sshd[6047]: Failed keyboard-interactive/pam for root from 49.88.112.75 port 37033 ssh2
Jan 31 13:30:32 bastion sshd[6047]: error: PAM: Authentication failure for root from 49.88.112.75
Jan 31 13:30:32 bastion sshd[6047]: Failed keyboard-interactive/pam for root from 49.88.112.75 port 37033 ssh2
Jan 31 13:30:33 bastion sshd[6047]: error: PAM: Authentication failure for root from 49.88.112.75
Jan 31 13:30:33 bastion sshd[6047]: Failed keyboard-interactive/pam for root from 49.88.112.75 port 37033 ssh2
Jan 31 13:30:34 bastion sshd[6047]: Received disconnect from 49.88.112.75 port 37033:11:  [preauth]
Jan 31 13:30:34 bastion sshd[6047]: Disconnected from authenticating user root 49.88.112.75 port 37033 [preauth]
Jan 31 13:31:59 bastion sshd[6053]: Connection from 49.88.112.75 port 38409 on 164.8.230.209 port 22 rdomain ""
Jan 31 13:32:10 bastion sshd[6053]: Received disconnect from 49.88.112.75 port 38409:11:  [preauth]
Jan 31 13:32:10 bastion sshd[6053]: Disconnected from 49.88.112.75 port 38409 [preauth]
Jan 31 13:33:39 bastion sshd[6055]: Connection from 49.88.112.75 port 41350 on 164.8.230.209 port 22 rdomain ""
Jan 31 13:33:41 bastion sshd[6055]: error: PAM: Authentication failure for root from 49.88.112.75
Jan 31 13:33:41 bastion sshd[6055]: Failed keyboard-interactive/pam for root from 49.88.112.75 port 41350 ssh2
Jan 31 13:33:42 bastion sshd[6055]: error: PAM: Authentication failure for root from 49.88.112.75
Jan 31 13:33:42 bastion sshd[6055]: Failed keyboard-interactive/pam for root from 49.88.112.75 port 41350 ssh2
Jan 31 13:33:43 bastion sshd[6055]: error: PAM: Authentication failure for root from 49.88.112.75
Jan 31 13:33:43 bastion sshd[6055]: Failed keyboard-interactive/pam for root from 49.88.112.75 port 41350 ssh2
Jan 31 13:33:43 bastion sshd[6055]: Received disconnect from 49.88.112.75 port 41350:11:  [preauth]
Jan 31 13:33:43 bastion sshd[6055]: Disconnected from authenticating user root 49.88.112.75 port 41350 [preauth]
Jan 31 13:34:13 bastion sshd[6060]: Connection from 221.131.165.124 port 38360 on 164.8.230.209 port 22 rdomain ""
Jan 31 13:34:15 bastion sshd[6060]: error: PAM: Authentication failure for root from 221.131.165.124
Jan 31 13:34:15 bastion sshd[6060]: Failed keyboard-interactive/pam for root from 221.131.165.124 port 38360 ssh2
Jan 31 13:34:15 bastion sshd[6060]: error: PAM: Authentication failure for root from 221.131.165.124
Jan 31 13:34:15 bastion sshd[6060]: Failed keyboard-interactive/pam for root from 221.131.165.124 port 38360 ssh2
Jan 31 13:34:15 bastion sshd[6060]: error: PAM: Authentication failure for root from 221.131.165.124
Jan 31 13:34:15 bastion sshd[6060]: Failed keyboard-interactive/pam for root from 221.131.165.124 port 38360 ssh2
Jan 31 13:34:15 bastion sshd[6060]: Received disconnect from 221.131.165.124 port 38360:11:  [preauth]
Jan 31 13:34:15 bastion sshd[6060]: Disconnected from authenticating user root 221.131.165.124 port 38360 [preauth]
Jan 31 13:34:16 bastion sshd[6065]: Connection from 221.131.165.124 port 60322 on 164.8.230.209 port 22 rdomain ""
Jan 31 13:34:18 bastion sshd[6065]: error: PAM: Authentication failure for root from 221.131.165.124
Jan 31 13:34:18 bastion sshd[6065]: Failed keyboard-interactive/pam for root from 221.131.165.124 port 60322 ssh2
Jan 31 13:34:18 bastion sshd[6065]: error: PAM: Authentication failure for root from 221.131.165.124
Jan 31 13:34:18 bastion sshd[6065]: Failed keyboard-interactive/pam for root from 221.131.165.124 port 60322 ssh2
Jan 31 13:34:18 bastion sshd[6065]: error: PAM: Authentication failure for root from 221.131.165.124
Jan 31 13:34:18 bastion sshd[6065]: Failed keyboard-interactive/pam for root from 221.131.165.124 port 60322 ssh2
Jan 31 13:34:19 bastion sshd[6065]: Received disconnect from 221.131.165.124 port 60322:11:  [preauth]
Jan 31 13:34:19 bastion sshd[6065]: Disconnected from authenticating user root 221.131.165.124 port 60322 [preauth]
Jan 31 13:34:19 bastion sshd[6070]: Connection from 221.131.165.124 port 26355 on 164.8.230.209 port 22 rdomain ""
Jan 31 13:34:21 bastion sshd[6070]: error: PAM: Authentication failure for root from 221.131.165.124
Jan 31 13:34:21 bastion sshd[6070]: Failed keyboard-interactive/pam for root from 221.131.165.124 port 26355 ssh2
Jan 31 13:34:21 bastion sshd[6070]: error: PAM: Authentication failure for root from 221.131.165.124
Jan 31 13:34:21 bastion sshd[6070]: Failed keyboard-interactive/pam for root from 221.131.165.124 port 26355 ssh2
Jan 31 13:34:21 bastion sshd[6070]: error: PAM: Authentication failure for root from 221.131.165.124
Jan 31 13:34:21 bastion sshd[6070]: Failed keyboard-interactive/pam for root from 221.131.165.124 port 26355 ssh2
Jan 31 13:34:22 bastion sshd[6070]: Received disconnect from 221.131.165.124 port 26355:11:  [preauth]
Jan 31 13:34:22 bastion sshd[6070]: Disconnected from authenticating user root 221.131.165.124 port 26355 [preauth]
Jan 31 13:35:07 bastion sshd[6075]: Connection from 49.88.112.75 port 25540 on 164.8.230.209 port 22 rdomain ""
Jan 31 13:35:09 bastion sshd[6075]: error: PAM: Authentication failure for root from 49.88.112.75
Jan 31 13:35:09 bastion sshd[6075]: Failed keyboard-interactive/pam for root from 49.88.112.75 port 25540 ssh2
Jan 31 13:35:09 bastion sshd[6075]: error: PAM: Authentication failure for root from 49.88.112.75
Jan 31 13:35:09 bastion sshd[6075]: Failed keyboard-interactive/pam for root from 49.88.112.75 port 25540 ssh2
Jan 31 13:35:10 bastion sshd[6075]: error: PAM: Authentication failure for root from 49.88.112.75
Jan 31 13:35:10 bastion sshd[6075]: Failed keyboard-interactive/pam for root from 49.88.112.75 port 25540 ssh2
Jan 31 13:35:11 bastion sshd[6075]: Received disconnect from 49.88.112.75 port 25540:11:  [preauth]
Jan 31 13:35:11 bastion sshd[6075]: Disconnected from authenticating user root 49.88.112.75 port 25540 [preauth]
Jan 31 13:36:37 bastion sshd[6081]: Connection from 49.88.112.75 port 32652 on 164.8.230.209 port 22 rdomain ""
Jan 31 13:36:43 bastion sshd[6081]: error: PAM: Authentication failure for root from 49.88.112.75
Jan 31 13:36:43 bastion sshd[6081]: Failed keyboard-interactive/pam for root from 49.88.112.75 port 32652 ssh2
Jan 31 13:36:44 bastion sshd[6081]: error: PAM: Authentication failure for root from 49.88.112.75
Jan 31 13:36:44 bastion sshd[6081]: Failed keyboard-interactive/pam for root from 49.88.112.75 port 32652 ssh2
Jan 31 13:36:44 bastion sshd[6081]: error: PAM: Authentication failure for root from 49.88.112.75
Jan 31 13:36:44 bastion sshd[6081]: Failed keyboard-interactive/pam for root from 49.88.112.75 port 32652 ssh2
Jan 31 13:36:44 bastion sshd[6081]: Received disconnect from 49.88.112.75 port 32652:11:  [preauth]
Jan 31 13:36:44 bastion sshd[6081]: Disconnected from authenticating user root 49.88.112.75 port 32652 [preauth]
Jan 31 13:38:19 bastion sshd[6086]: Connection from 49.88.112.75 port 29506 on 164.8.230.209 port 22 rdomain ""
Jan 31 13:38:23 bastion sshd[6086]: error: PAM: Authentication failure for root from 49.88.112.75
Jan 31 13:38:23 bastion sshd[6086]: Failed keyboard-interactive/pam for root from 49.88.112.75 port 29506 ssh2
Jan 31 13:38:23 bastion sshd[6086]: error: PAM: Authentication failure for root from 49.88.112.75
Jan 31 13:38:23 bastion sshd[6086]: Failed keyboard-interactive/pam for root from 49.88.112.75 port 29506 ssh2
Jan 31 13:38:23 bastion sshd[6086]: error: PAM: Authentication failure for root from 49.88.112.75
Jan 31 13:38:23 bastion sshd[6086]: Failed keyboard-interactive/pam for root from 49.88.112.75 port 29506 ssh2
Jan 31 13:38:23 bastion sshd[6086]: Received disconnect from 49.88.112.75 port 29506:11:  [preauth]
Jan 31 13:38:23 bastion sshd[6086]: Disconnected from authenticating user root 49.88.112.75 port 29506 [preauth]
Jan 31 13:39:21 bastion sshd[6091]: Connection from 27.70.134.169 port 37646 on 164.8.230.209 port 22 rdomain ""
Jan 31 13:39:22 bastion sshd[6093]: Connection from 27.70.134.169 port 41684 on 164.8.230.209 port 22 rdomain ""
Jan 31 13:39:24 bastion sshd[6091]: Invalid user guest from 27.70.134.169 port 37646
Jan 31 13:39:24 bastion sshd[6091]: error: PAM: Authentication failure for illegal user guest from 27.70.134.169
Jan 31 13:39:24 bastion sshd[6091]: Failed keyboard-interactive/pam for invalid user guest from 27.70.134.169 port 37646 ssh2
Jan 31 13:39:25 bastion sshd[6096]: Connection from 27.70.134.169 port 38158 on 164.8.230.209 port 22 rdomain ""
Jan 31 13:39:25 bastion sshd[6091]: Connection closed by invalid user guest 27.70.134.169 port 37646 [preauth]
Jan 31 13:39:25 bastion sshd[6093]: Invalid user dspace from 27.70.134.169 port 41684
Jan 31 13:39:26 bastion sshd[6093]: error: PAM: Authentication failure for illegal user dspace from 27.70.134.169
Jan 31 13:39:26 bastion sshd[6093]: Failed keyboard-interactive/pam for invalid user dspace from 27.70.134.169 port 41684 ssh2
Jan 31 13:39:26 bastion sshd[6096]: Invalid user jennifer from 27.70.134.169 port 38158
Jan 31 13:39:26 bastion sshd[6093]: Connection closed by invalid user dspace 27.70.134.169 port 41684 [preauth]
Jan 31 13:39:27 bastion sshd[6096]: error: PAM: Authentication failure for illegal user jennifer from 27.70.134.169
Jan 31 13:39:27 bastion sshd[6096]: Failed keyboard-interactive/pam for invalid user jennifer from 27.70.134.169 port 38158 ssh2
Jan 31 13:39:28 bastion sshd[6096]: Connection closed by invalid user jennifer 27.70.134.169 port 38158 [preauth]
Jan 31 13:39:29 bastion sshd[6100]: Connection from 27.70.134.169 port 55150 on 164.8.230.209 port 22 rdomain ""
Jan 31 13:39:32 bastion sshd[6102]: Connection from 27.70.134.169 port 38230 on 164.8.230.209 port 22 rdomain ""
Jan 31 13:39:35 bastion sshd[6100]: Invalid user adrian from 27.70.134.169 port 55150
Jan 31 13:39:35 bastion sshd[6102]: Invalid user server from 27.70.134.169 port 38230
Jan 31 13:39:36 bastion sshd[6102]: error: PAM: Authentication failure for illegal user server from 27.70.134.169
Jan 31 13:39:36 bastion sshd[6102]: Failed keyboard-interactive/pam for invalid user server from 27.70.134.169 port 38230 ssh2
Jan 31 13:39:36 bastion sshd[6102]: Connection closed by invalid user server 27.70.134.169 port 38230 [preauth]
Jan 31 13:39:36 bastion sshd[6105]: Connection from 116.106.17.39 port 37036 on 164.8.230.209 port 22 rdomain ""
Jan 31 13:39:37 bastion sshd[6107]: Connection from 116.106.17.39 port 60520 on 164.8.230.209 port 22 rdomain ""
Jan 31 13:39:38 bastion sshd[6100]: error: PAM: Authentication failure for illegal user adrian from 27.70.134.169
Jan 31 13:39:38 bastion sshd[6100]: Failed keyboard-interactive/pam for invalid user adrian from 27.70.134.169 port 55150 ssh2
Jan 31 13:39:38 bastion sshd[6100]: Connection closed by invalid user adrian 27.70.134.169 port 55150 [preauth]
Jan 31 13:39:39 bastion sshd[6107]: Invalid user tomcat from 116.106.17.39 port 60520
Jan 31 13:39:39 bastion sshd[6110]: Connection from 116.106.17.39 port 49378 on 164.8.230.209 port 22 rdomain ""
Jan 31 13:39:40 bastion sshd[6112]: Connection from 116.106.17.39 port 40230 on 164.8.230.209 port 22 rdomain ""
Jan 31 13:39:40 bastion sshd[6107]: error: PAM: Authentication failure for illegal user tomcat from 116.106.17.39
Jan 31 13:39:40 bastion sshd[6107]: Failed keyboard-interactive/pam for invalid user tomcat from 116.106.17.39 port 60520 ssh2
Jan 31 13:39:41 bastion sshd[6110]: Invalid user postgres from 116.106.17.39 port 49378
Jan 31 13:39:41 bastion sshd[6105]: Invalid user epg from 116.106.17.39 port 37036
Jan 31 13:39:41 bastion sshd[6105]: error: PAM: Authentication failure for illegal user epg from 116.106.17.39
Jan 31 13:39:41 bastion sshd[6105]: Failed keyboard-interactive/pam for invalid user epg from 116.106.17.39 port 37036 ssh2
Jan 31 13:39:42 bastion sshd[6105]: Connection closed by invalid user epg 116.106.17.39 port 37036 [preauth]
Jan 31 13:39:42 bastion sshd[6110]: error: PAM: Authentication failure for illegal user postgres from 116.106.17.39
Jan 31 13:39:42 bastion sshd[6110]: Failed keyboard-interactive/pam for invalid user postgres from 116.106.17.39 port 49378 ssh2
Jan 31 13:39:42 bastion sshd[6110]: Connection closed by invalid user postgres 116.106.17.39 port 49378 [preauth]
Jan 31 13:39:43 bastion sshd[6107]: Connection closed by invalid user tomcat 116.106.17.39 port 60520 [preauth]
Jan 31 13:39:45 bastion sshd[6117]: Connection from 116.106.17.39 port 34716 on 164.8.230.209 port 22 rdomain ""
Jan 31 13:39:46 bastion sshd[6119]: Connection from 27.70.134.169 port 47382 on 164.8.230.209 port 22 rdomain ""
Jan 31 13:39:46 bastion sshd[6112]: Invalid user pat from 116.106.17.39 port 40230
Jan 31 13:39:46 bastion sshd[6112]: error: PAM: Authentication failure for illegal user pat from 116.106.17.39
Jan 31 13:39:46 bastion sshd[6112]: Failed keyboard-interactive/pam for invalid user pat from 116.106.17.39 port 40230 ssh2
Jan 31 13:39:47 bastion sshd[6122]: Connection from 27.70.134.169 port 53552 on 164.8.230.209 port 22 rdomain ""
Jan 31 13:39:47 bastion sshd[6112]: Connection closed by invalid user pat 116.106.17.39 port 40230 [preauth]
Jan 31 13:39:49 bastion sshd[6119]: Invalid user admin from 27.70.134.169 port 47382
Jan 31 13:39:50 bastion sshd[6122]: Invalid user joe from 27.70.134.169 port 53552
Jan 31 13:39:52 bastion sshd[6122]: error: PAM: Authentication failure for illegal user joe from 27.70.134.169
Jan 31 13:39:52 bastion sshd[6122]: Failed keyboard-interactive/pam for invalid user joe from 27.70.134.169 port 53552 ssh2
Jan 31 13:39:52 bastion sshd[6119]: error: PAM: Authentication failure for illegal user admin from 27.70.134.169
Jan 31 13:39:52 bastion sshd[6119]: Failed keyboard-interactive/pam for invalid user admin from 27.70.134.169 port 47382 ssh2
Jan 31 13:39:52 bastion sshd[6117]: Invalid user ts3 from 116.106.17.39 port 34716
Jan 31 13:39:53 bastion sshd[6119]: Connection closed by invalid user admin 27.70.134.169 port 47382 [preauth]
Jan 31 13:39:53 bastion sshd[6117]: error: PAM: Authentication failure for illegal user ts3 from 116.106.17.39
Jan 31 13:39:53 bastion sshd[6117]: Failed keyboard-interactive/pam for invalid user ts3 from 116.106.17.39 port 34716 ssh2
Jan 31 13:39:53 bastion sshd[6117]: Connection closed by invalid user ts3 116.106.17.39 port 34716 [preauth]
Jan 31 13:39:54 bastion sshd[6127]: Connection from 27.70.134.169 port 34312 on 164.8.230.209 port 22 rdomain ""
Jan 31 13:39:55 bastion sshd[6122]: Connection closed by invalid user joe 27.70.134.169 port 53552 [preauth]
Jan 31 13:39:56 bastion sshd[6129]: Connection from 27.70.134.169 port 44848 on 164.8.230.209 port 22 rdomain ""
Jan 31 13:39:57 bastion sshd[6131]: Connection from 27.70.134.169 port 47994 on 164.8.230.209 port 22 rdomain ""
Jan 31 13:39:57 bastion sshd[6132]: Connection from 116.106.17.39 port 56954 on 164.8.230.209 port 22 rdomain ""
Jan 31 13:39:57 bastion sshd[6133]: Connection from 116.106.17.39 port 58564 on 164.8.230.209 port 22 rdomain ""
Jan 31 13:39:59 bastion sshd[6127]: Invalid user tester from 27.70.134.169 port 34312
Jan 31 13:39:59 bastion sshd[6133]: error: PAM: Authentication failure for root from 116.106.17.39
Jan 31 13:39:59 bastion sshd[6133]: Failed keyboard-interactive/pam for root from 116.106.17.39 port 58564 ssh2
Jan 31 13:40:00 bastion sshd[6133]: Connection closed by authenticating user root 116.106.17.39 port 58564 [preauth]
Jan 31 13:40:00 bastion sshd[6127]: error: PAM: Authentication failure for illegal user tester from 27.70.134.169
Jan 31 13:40:00 bastion sshd[6127]: Failed keyboard-interactive/pam for invalid user tester from 27.70.134.169 port 34312 ssh2
Jan 31 13:40:00 bastion sshd[6129]: Invalid user admin from 27.70.134.169 port 44848
Jan 31 13:40:01 bastion sshd[6129]: error: PAM: Authentication failure for illegal user admin from 27.70.134.169
Jan 31 13:40:01 bastion sshd[6129]: Failed keyboard-interactive/pam for invalid user admin from 27.70.134.169 port 44848 ssh2
Jan 31 13:40:01 bastion sshd[6129]: Connection closed by invalid user admin 27.70.134.169 port 44848 [preauth]
Jan 31 13:40:01 bastion sshd[6132]: error: PAM: Authentication failure for user from 116.106.17.39
Jan 31 13:40:01 bastion sshd[6132]: Failed keyboard-interactive/pam for user from 116.106.17.39 port 56954 ssh2
Jan 31 13:40:02 bastion sshd[6127]: Connection closed by invalid user tester 27.70.134.169 port 34312 [preauth]
Jan 31 13:40:02 bastion sshd[6132]: Connection closed by authenticating user user 116.106.17.39 port 56954 [preauth]
Jan 31 13:40:02 bastion sshd[6131]: Invalid user www from 27.70.134.169 port 47994
Jan 31 13:40:03 bastion sshd[6131]: error: PAM: Authentication failure for illegal user www from 27.70.134.169
Jan 31 13:40:03 bastion sshd[6131]: Failed keyboard-interactive/pam for invalid user www from 27.70.134.169 port 47994 ssh2
Jan 31 13:40:04 bastion sshd[6142]: Connection from 49.88.112.75 port 64237 on 164.8.230.209 port 22 rdomain ""
Jan 31 13:40:05 bastion sshd[6131]: Connection closed by invalid user www 27.70.134.169 port 47994 [preauth]
Jan 31 13:40:05 bastion sshd[6144]: Connection from 116.106.17.39 port 39720 on 164.8.230.209 port 22 rdomain ""
Jan 31 13:40:06 bastion sshd[6146]: Connection from 116.106.17.39 port 35870 on 164.8.230.209 port 22 rdomain ""
Jan 31 13:40:08 bastion sshd[6148]: Connection from 27.70.134.169 port 39903 on 164.8.230.209 port 22 rdomain ""
Jan 31 13:40:08 bastion sshd[6150]: Connection from 27.70.134.169 port 59830 on 164.8.230.209 port 22 rdomain ""
Jan 31 13:40:08 bastion sshd[6144]: Invalid user lily from 116.106.17.39 port 39720
Jan 31 13:40:09 bastion sshd[6144]: error: PAM: Authentication failure for illegal user lily from 116.106.17.39
Jan 31 13:40:09 bastion sshd[6144]: Failed keyboard-interactive/pam for invalid user lily from 116.106.17.39 port 39720 ssh2
Jan 31 13:40:09 bastion sshd[6146]: Invalid user admin from 116.106.17.39 port 35870
Jan 31 13:40:09 bastion sshd[6142]: error: PAM: Authentication failure for root from 49.88.112.75
Jan 31 13:40:09 bastion sshd[6142]: Failed keyboard-interactive/pam for root from 49.88.112.75 port 64237 ssh2
Jan 31 13:40:09 bastion sshd[6144]: Connection closed by invalid user lily 116.106.17.39 port 39720 [preauth]
Jan 31 13:40:09 bastion sshd[6146]: error: PAM: Authentication failure for illegal user admin from 116.106.17.39
Jan 31 13:40:09 bastion sshd[6146]: Failed keyboard-interactive/pam for invalid user admin from 116.106.17.39 port 35870 ssh2
Jan 31 13:40:10 bastion sshd[6142]: error: PAM: Authentication failure for root from 49.88.112.75
Jan 31 13:40:10 bastion sshd[6142]: Failed keyboard-interactive/pam for root from 49.88.112.75 port 64237 ssh2
Jan 31 13:40:10 bastion sshd[6142]: error: PAM: Authentication failure for root from 49.88.112.75
Jan 31 13:40:10 bastion sshd[6142]: Failed keyboard-interactive/pam for root from 49.88.112.75 port 64237 ssh2
Jan 31 13:40:10 bastion sshd[6146]: Connection closed by invalid user admin 116.106.17.39 port 35870 [preauth]
Jan 31 13:40:10 bastion sshd[6142]: Received disconnect from 49.88.112.75 port 64237:11:  [preauth]
Jan 31 13:40:10 bastion sshd[6142]: Disconnected from authenticating user root 49.88.112.75 port 64237 [preauth]
Jan 31 13:40:10 bastion sshd[6157]: Connection from 116.106.17.39 port 56956 on 164.8.230.209 port 22 rdomain ""
Jan 31 13:40:13 bastion sshd[6148]: Invalid user amit from 27.70.134.169 port 39903
Jan 31 13:40:13 bastion sshd[6159]: Connection from 116.106.17.39 port 37062 on 164.8.230.209 port 22 rdomain ""
Jan 31 13:40:14 bastion sshd[6148]: error: PAM: Authentication failure for illegal user amit from 27.70.134.169
Jan 31 13:40:14 bastion sshd[6148]: Failed keyboard-interactive/pam for invalid user amit from 27.70.134.169 port 39903 ssh2
Jan 31 13:40:14 bastion sshd[6157]: Invalid user mailman from 116.106.17.39 port 56956
Jan 31 13:40:14 bastion sshd[6148]: Connection closed by invalid user amit 27.70.134.169 port 39903 [preauth]
Jan 31 13:40:15 bastion sshd[6157]: error: PAM: Authentication failure for illegal user mailman from 116.106.17.39
Jan 31 13:40:15 bastion sshd[6157]: Failed keyboard-interactive/pam for invalid user mailman from 116.106.17.39 port 56956 ssh2
Jan 31 13:40:15 bastion sshd[6150]: error: PAM: Authentication failure for root from 27.70.134.169
Jan 31 13:40:15 bastion sshd[6150]: Failed keyboard-interactive/pam for root from 27.70.134.169 port 59830 ssh2
Jan 31 13:40:15 bastion sshd[6157]: Connection closed by invalid user mailman 116.106.17.39 port 56956 [preauth]
Jan 31 13:40:15 bastion sshd[6150]: Connection closed by authenticating user root 27.70.134.169 port 59830 [preauth]
Jan 31 13:40:16 bastion sshd[6159]: Invalid user guestuser from 116.106.17.39 port 37062
Jan 31 13:40:17 bastion sshd[6164]: Connection from 116.106.17.39 port 55798 on 164.8.230.209 port 22 rdomain ""
Jan 31 13:40:18 bastion sshd[6159]: error: PAM: Authentication failure for illegal user guestuser from 116.106.17.39
Jan 31 13:40:18 bastion sshd[6159]: Failed keyboard-interactive/pam for invalid user guestuser from 116.106.17.39 port 37062 ssh2
Jan 31 13:40:19 bastion sshd[6167]: Connection from 27.70.134.169 port 50748 on 164.8.230.209 port 22 rdomain ""
Jan 31 13:40:20 bastion sshd[6164]: Invalid user admin from 116.106.17.39 port 55798
Jan 31 13:40:20 bastion sshd[6164]: error: PAM: Authentication failure for illegal user admin from 116.106.17.39
Jan 31 13:40:20 bastion sshd[6164]: Failed keyboard-interactive/pam for invalid user admin from 116.106.17.39 port 55798 ssh2
Jan 31 13:40:21 bastion sshd[6164]: Connection closed by invalid user admin 116.106.17.39 port 55798 [preauth]
Jan 31 13:40:21 bastion sshd[6169]: Connection from 27.70.134.169 port 55924 on 164.8.230.209 port 22 rdomain ""
Jan 31 13:40:23 bastion sshd[6159]: Connection closed by invalid user guestuser 116.106.17.39 port 37062 [preauth]
Jan 31 13:40:26 bastion sshd[6167]: Invalid user donna from 27.70.134.169 port 50748
Jan 31 13:40:26 bastion sshd[6169]: Invalid user ftp_zsd from 27.70.134.169 port 55924
Jan 31 13:40:27 bastion sshd[6167]: error: PAM: Authentication failure for illegal user donna from 27.70.134.169
Jan 31 13:40:27 bastion sshd[6167]: Failed keyboard-interactive/pam for invalid user donna from 27.70.134.169 port 50748 ssh2
Jan 31 13:40:28 bastion sshd[6167]: Connection closed by invalid user donna 27.70.134.169 port 50748 [preauth]
Jan 31 13:40:28 bastion sshd[6169]: error: PAM: Authentication failure for illegal user ftp_zsd from 27.70.134.169
Jan 31 13:40:28 bastion sshd[6169]: Failed keyboard-interactive/pam for invalid user ftp_zsd from 27.70.134.169 port 55924 ssh2
Jan 31 13:40:29 bastion sshd[6174]: Connection from 27.70.134.169 port 54722 on 164.8.230.209 port 22 rdomain ""
Jan 31 13:40:29 bastion sshd[6175]: Connection from 27.70.134.169 port 48292 on 164.8.230.209 port 22 rdomain ""
Jan 31 13:40:30 bastion sshd[6178]: Connection from 27.70.134.169 port 51164 on 164.8.230.209 port 22 rdomain ""
Jan 31 13:40:30 bastion sshd[6180]: Connection from 116.106.17.39 port 55432 on 164.8.230.209 port 22 rdomain ""
Jan 31 13:40:30 bastion sshd[6169]: Connection closed by invalid user ftp_zsd 27.70.134.169 port 55924 [preauth]
Jan 31 13:40:31 bastion sshd[6182]: Connection from 116.106.17.39 port 60214 on 164.8.230.209 port 22 rdomain ""
Jan 31 13:40:32 bastion sshd[6184]: Connection from 27.70.134.169 port 59702 on 164.8.230.209 port 22 rdomain ""
Jan 31 13:40:33 bastion sshd[6174]: Invalid user prueba from 27.70.134.169 port 54722
Jan 31 13:40:33 bastion sshd[6186]: Connection from 116.106.17.39 port 41062 on 164.8.230.209 port 22 rdomain ""
Jan 31 13:40:33 bastion sshd[6175]: Invalid user john from 27.70.134.169 port 48292
Jan 31 13:40:33 bastion sshd[6174]: error: PAM: Authentication failure for illegal user prueba from 27.70.134.169
Jan 31 13:40:33 bastion sshd[6174]: Failed keyboard-interactive/pam for invalid user prueba from 27.70.134.169 port 54722 ssh2
Jan 31 13:40:33 bastion sshd[6174]: Connection closed by invalid user prueba 27.70.134.169 port 54722 [preauth]
Jan 31 13:40:34 bastion sshd[6189]: Connection from 27.70.134.169 port 42780 on 164.8.230.209 port 22 rdomain ""
Jan 31 13:40:34 bastion sshd[6178]: error: PAM: Authentication failure for root from 27.70.134.169
Jan 31 13:40:34 bastion sshd[6178]: Failed keyboard-interactive/pam for root from 27.70.134.169 port 51164 ssh2
Jan 31 13:40:35 bastion sshd[6180]: error: PAM: Authentication failure for root from 116.106.17.39
Jan 31 13:40:35 bastion sshd[6180]: Failed keyboard-interactive/pam for root from 116.106.17.39 port 55432 ssh2
Jan 31 13:40:35 bastion sshd[6175]: error: PAM: Authentication failure for illegal user john from 27.70.134.169
Jan 31 13:40:35 bastion sshd[6175]: Failed keyboard-interactive/pam for invalid user john from 27.70.134.169 port 48292 ssh2
Jan 31 13:40:35 bastion sshd[6178]: Connection closed by authenticating user root 27.70.134.169 port 51164 [preauth]
Jan 31 13:40:35 bastion sshd[6180]: Connection closed by authenticating user root 116.106.17.39 port 55432 [preauth]
Jan 31 13:40:35 bastion sshd[6186]: Invalid user admin from 116.106.17.39 port 41062
Jan 31 13:40:36 bastion sshd[6186]: error: PAM: Authentication failure for illegal user admin from 116.106.17.39
Jan 31 13:40:36 bastion sshd[6186]: Failed keyboard-interactive/pam for invalid user admin from 116.106.17.39 port 41062 ssh2
Jan 31 13:40:36 bastion sshd[6186]: Connection closed by invalid user admin 116.106.17.39 port 41062 [preauth]
Jan 31 13:40:37 bastion sshd[6184]: Invalid user music from 27.70.134.169 port 59702
Jan 31 13:40:37 bastion sshd[6175]: Connection closed by invalid user john 27.70.134.169 port 48292 [preauth]
Jan 31 13:40:38 bastion sshd[6195]: Connection from 116.106.17.39 port 34502 on 164.8.230.209 port 22 rdomain ""
Jan 31 13:40:38 bastion sshd[6184]: error: PAM: Authentication failure for illegal user music from 27.70.134.169
Jan 31 13:40:38 bastion sshd[6184]: Failed keyboard-interactive/pam for invalid user music from 27.70.134.169 port 59702 ssh2
Jan 31 13:40:38 bastion sshd[6182]: error: PAM: Authentication failure for root from 116.106.17.39
Jan 31 13:40:38 bastion sshd[6182]: Failed keyboard-interactive/pam for root from 116.106.17.39 port 60214 ssh2
Jan 31 13:40:38 bastion sshd[6184]: Connection closed by invalid user music 27.70.134.169 port 59702 [preauth]
Jan 31 13:40:38 bastion sshd[6198]: Connection from 27.70.134.169 port 57494 on 164.8.230.209 port 22 rdomain ""
Jan 31 13:40:38 bastion sshd[6182]: Connection closed by authenticating user root 116.106.17.39 port 60214 [preauth]
Jan 31 13:40:39 bastion sshd[6189]: Invalid user admin from 27.70.134.169 port 42780
Jan 31 13:40:40 bastion sshd[6189]: error: PAM: Authentication failure for illegal user admin from 27.70.134.169
Jan 31 13:40:40 bastion sshd[6189]: Failed keyboard-interactive/pam for invalid user admin from 27.70.134.169 port 42780 ssh2
Jan 31 13:40:40 bastion sshd[6202]: Connection from 27.70.134.169 port 35838 on 164.8.230.209 port 22 rdomain ""
Jan 31 13:40:40 bastion sshd[6203]: Connection from 27.70.134.169 port 39370 on 164.8.230.209 port 22 rdomain ""
Jan 31 13:40:40 bastion sshd[6205]: Connection from 27.70.134.169 port 38256 on 164.8.230.209 port 22 rdomain ""
Jan 31 13:40:40 bastion sshd[6195]: Invalid user admin from 116.106.17.39 port 34502
Jan 31 13:40:40 bastion sshd[6189]: Connection closed by invalid user admin 27.70.134.169 port 42780 [preauth]
Jan 31 13:40:41 bastion sshd[6207]: Connection from 27.70.134.169 port 43344 on 164.8.230.209 port 22 rdomain ""
Jan 31 13:40:42 bastion sshd[6195]: error: PAM: Authentication failure for illegal user admin from 116.106.17.39
Jan 31 13:40:42 bastion sshd[6195]: Failed keyboard-interactive/pam for invalid user admin from 116.106.17.39 port 34502 ssh2
Jan 31 13:40:43 bastion sshd[6211]: Connection from 27.70.134.169 port 47024 on 164.8.230.209 port 22 rdomain ""
Jan 31 13:40:43 bastion sshd[6198]: Invalid user nagios from 27.70.134.169 port 57494
Jan 31 13:40:43 bastion sshd[6195]: Connection closed by invalid user admin 116.106.17.39 port 34502 [preauth]
Jan 31 13:40:43 bastion sshd[6213]: Connection from 116.106.17.39 port 51000 on 164.8.230.209 port 22 rdomain ""
Jan 31 13:40:44 bastion sshd[6202]: error: PAM: Authentication failure for root from 27.70.134.169
Jan 31 13:40:44 bastion sshd[6202]: Failed keyboard-interactive/pam for root from 27.70.134.169 port 35838 ssh2
Jan 31 13:40:44 bastion sshd[6198]: error: PAM: Authentication failure for illegal user nagios from 27.70.134.169
Jan 31 13:40:44 bastion sshd[6198]: Failed keyboard-interactive/pam for invalid user nagios from 27.70.134.169 port 57494 ssh2
Jan 31 13:40:44 bastion sshd[6202]: Connection closed by authenticating user root 27.70.134.169 port 35838 [preauth]
Jan 31 13:40:44 bastion sshd[6217]: Connection from 27.70.134.169 port 55184 on 164.8.230.209 port 22 rdomain ""
Jan 31 13:40:44 bastion sshd[6198]: Connection closed by invalid user nagios 27.70.134.169 port 57494 [preauth]
Jan 31 13:40:45 bastion sshd[6207]: Invalid user 1502 from 27.70.134.169 port 43344
Jan 31 13:40:45 bastion sshd[6219]: Connection from 27.70.134.169 port 59624 on 164.8.230.209 port 22 rdomain ""
Jan 31 13:40:45 bastion sshd[6207]: error: PAM: Authentication failure for illegal user 1502 from 27.70.134.169
Jan 31 13:40:45 bastion sshd[6207]: Failed keyboard-interactive/pam for invalid user 1502 from 27.70.134.169 port 43344 ssh2
Jan 31 13:40:45 bastion sshd[6203]: error: PAM: Authentication failure for root from 27.70.134.169
Jan 31 13:40:45 bastion sshd[6203]: Failed keyboard-interactive/pam for root from 27.70.134.169 port 39370 ssh2
Jan 31 13:40:46 bastion sshd[6211]: Invalid user test1 from 27.70.134.169 port 47024
Jan 31 13:40:46 bastion sshd[6223]: Connection from 27.70.134.169 port 56032 on 164.8.230.209 port 22 rdomain ""
Jan 31 13:40:46 bastion sshd[6207]: Connection closed by invalid user 1502 27.70.134.169 port 43344 [preauth]
Jan 31 13:40:46 bastion sshd[6205]: Invalid user elemental from 27.70.134.169 port 38256
Jan 31 13:40:47 bastion sshd[6205]: error: PAM: Authentication failure for illegal user elemental from 27.70.134.169
Jan 31 13:40:47 bastion sshd[6205]: Failed keyboard-interactive/pam for invalid user elemental from 27.70.134.169 port 38256 ssh2
Jan 31 13:40:47 bastion sshd[6211]: error: PAM: Authentication failure for illegal user test1 from 27.70.134.169
Jan 31 13:40:47 bastion sshd[6211]: Failed keyboard-interactive/pam for invalid user test1 from 27.70.134.169 port 47024 ssh2
Jan 31 13:40:47 bastion sshd[6205]: Connection closed by invalid user elemental 27.70.134.169 port 38256 [preauth]
Jan 31 13:40:48 bastion sshd[6211]: Connection closed by invalid user test1 27.70.134.169 port 47024 [preauth]
Jan 31 13:40:48 bastion sshd[6217]: error: PAM: Authentication failure for root from 27.70.134.169
Jan 31 13:40:48 bastion sshd[6217]: Failed keyboard-interactive/pam for root from 27.70.134.169 port 55184 ssh2
Jan 31 13:40:48 bastion sshd[6203]: Connection closed by authenticating user root 27.70.134.169 port 39370 [preauth]
Jan 31 13:40:48 bastion sshd[6228]: Connection from 116.106.17.39 port 54780 on 164.8.230.209 port 22 rdomain ""
Jan 31 13:40:49 bastion sshd[6230]: Connection from 27.70.134.169 port 43260 on 164.8.230.209 port 22 rdomain ""
Jan 31 13:40:49 bastion sshd[6213]: error: PAM: Authentication failure for root from 116.106.17.39
Jan 31 13:40:49 bastion sshd[6213]: Failed keyboard-interactive/pam for root from 116.106.17.39 port 51000 ssh2
Jan 31 13:40:49 bastion sshd[6217]: Connection closed by authenticating user root 27.70.134.169 port 55184 [preauth]
Jan 31 13:40:50 bastion sshd[6213]: Connection closed by authenticating user root 116.106.17.39 port 51000 [preauth]
Jan 31 13:40:50 bastion sshd[6219]: Invalid user test from 27.70.134.169 port 59624
Jan 31 13:40:50 bastion sshd[6219]: error: PAM: Authentication failure for illegal user test from 27.70.134.169
Jan 31 13:40:50 bastion sshd[6219]: Failed keyboard-interactive/pam for invalid user test from 27.70.134.169 port 59624 ssh2
Jan 31 13:40:50 bastion sshd[6219]: Connection closed by invalid user test 27.70.134.169 port 59624 [preauth]
Jan 31 13:40:51 bastion sshd[6223]: Invalid user admin from 27.70.134.169 port 56032
Jan 31 13:40:51 bastion sshd[6223]: error: PAM: Authentication failure for illegal user admin from 27.70.134.169
Jan 31 13:40:51 bastion sshd[6223]: Failed keyboard-interactive/pam for invalid user admin from 27.70.134.169 port 56032 ssh2
Jan 31 13:40:52 bastion sshd[6235]: Connection from 116.106.17.39 port 39882 on 164.8.230.209 port 22 rdomain ""
Jan 31 13:40:52 bastion sshd[6223]: Connection closed by invalid user admin 27.70.134.169 port 56032 [preauth]
Jan 31 13:40:53 bastion sshd[6230]: Invalid user jose from 27.70.134.169 port 43260
Jan 31 13:40:53 bastion sshd[6237]: Connection from 116.106.17.39 port 39336 on 164.8.230.209 port 22 rdomain ""
Jan 31 13:40:53 bastion sshd[6228]: Invalid user support from 116.106.17.39 port 54780
Jan 31 13:40:53 bastion sshd[6230]: error: PAM: Authentication failure for illegal user jose from 27.70.134.169
Jan 31 13:40:53 bastion sshd[6230]: Failed keyboard-interactive/pam for invalid user jose from 27.70.134.169 port 43260 ssh2
Jan 31 13:40:54 bastion sshd[6228]: error: PAM: Authentication failure for illegal user support from 116.106.17.39
Jan 31 13:40:54 bastion sshd[6228]: Failed keyboard-interactive/pam for invalid user support from 116.106.17.39 port 54780 ssh2
Jan 31 13:40:54 bastion sshd[6230]: Connection closed by invalid user jose 27.70.134.169 port 43260 [preauth]
Jan 31 13:40:54 bastion sshd[6228]: Connection closed by invalid user support 116.106.17.39 port 54780 [preauth]
Jan 31 13:40:54 bastion sshd[6241]: Connection from 116.106.17.39 port 42572 on 164.8.230.209 port 22 rdomain ""
Jan 31 13:40:55 bastion sshd[6237]: Invalid user omega from 116.106.17.39 port 39336
Jan 31 13:40:56 bastion sshd[6235]: Invalid user emily from 116.106.17.39 port 39882
Jan 31 13:40:56 bastion sshd[6235]: error: PAM: Authentication failure for illegal user emily from 116.106.17.39
Jan 31 13:40:56 bastion sshd[6235]: Failed keyboard-interactive/pam for invalid user emily from 116.106.17.39 port 39882 ssh2
Jan 31 13:40:56 bastion sshd[6237]: error: PAM: Authentication failure for illegal user omega from 116.106.17.39
Jan 31 13:40:56 bastion sshd[6237]: Failed keyboard-interactive/pam for invalid user omega from 116.106.17.39 port 39336 ssh2
Jan 31 13:40:56 bastion sshd[6235]: Connection closed by invalid user emily 116.106.17.39 port 39882 [preauth]
Jan 31 13:40:57 bastion sshd[6241]: Invalid user nothing from 116.106.17.39 port 42572
Jan 31 13:40:57 bastion sshd[6245]: Connection from 116.106.17.39 port 56320 on 164.8.230.209 port 22 rdomain ""
Jan 31 13:40:57 bastion sshd[6241]: error: PAM: Authentication failure for illegal user nothing from 116.106.17.39
Jan 31 13:40:57 bastion sshd[6241]: Failed keyboard-interactive/pam for invalid user nothing from 116.106.17.39 port 42572 ssh2
Jan 31 13:40:57 bastion sshd[6247]: Connection from 27.70.134.169 port 33756 on 164.8.230.209 port 22 rdomain ""
Jan 31 13:40:57 bastion sshd[6237]: Connection closed by invalid user omega 116.106.17.39 port 39336 [preauth]
Jan 31 13:40:57 bastion sshd[6241]: Connection closed by invalid user nothing 116.106.17.39 port 42572 [preauth]
Jan 31 13:41:00 bastion sshd[6245]: error: PAM: Authentication failure for root from 116.106.17.39
Jan 31 13:41:00 bastion sshd[6245]: Failed keyboard-interactive/pam for root from 116.106.17.39 port 56320 ssh2
Jan 31 13:41:00 bastion sshd[6251]: Connection from 116.106.17.39 port 50322 on 164.8.230.209 port 22 rdomain ""
Jan 31 13:41:00 bastion sshd[6253]: Connection from 116.106.17.39 port 41900 on 164.8.230.209 port 22 rdomain ""
Jan 31 13:41:00 bastion sshd[6245]: Connection closed by authenticating user root 116.106.17.39 port 56320 [preauth]
Jan 31 13:41:02 bastion sshd[6247]: Invalid user work from 27.70.134.169 port 33756
Jan 31 13:41:03 bastion sshd[6247]: error: PAM: Authentication failure for illegal user work from 27.70.134.169
Jan 31 13:41:03 bastion sshd[6247]: Failed keyboard-interactive/pam for invalid user work from 27.70.134.169 port 33756 ssh2
Jan 31 13:41:03 bastion sshd[6256]: Connection from 116.106.17.39 port 36900 on 164.8.230.209 port 22 rdomain ""
Jan 31 13:41:03 bastion sshd[6247]: Connection closed by invalid user work 27.70.134.169 port 33756 [preauth]
Jan 31 13:41:04 bastion sshd[6251]: Invalid user test from 116.106.17.39 port 50322
Jan 31 13:41:04 bastion sshd[6253]: Invalid user ftp from 116.106.17.39 port 41900
Jan 31 13:41:04 bastion sshd[6251]: error: PAM: Authentication failure for illegal user test from 116.106.17.39
Jan 31 13:41:04 bastion sshd[6251]: Failed keyboard-interactive/pam for invalid user test from 116.106.17.39 port 50322 ssh2
Jan 31 13:41:04 bastion sshd[6259]: Connection from 116.106.17.39 port 42154 on 164.8.230.209 port 22 rdomain ""
Jan 31 13:41:04 bastion sshd[6253]: error: PAM: Authentication failure for illegal user ftp from 116.106.17.39
Jan 31 13:41:04 bastion sshd[6253]: Failed keyboard-interactive/pam for invalid user ftp from 116.106.17.39 port 41900 ssh2
Jan 31 13:41:05 bastion sshd[6251]: Connection closed by invalid user test 116.106.17.39 port 50322 [preauth]
Jan 31 13:41:05 bastion sshd[6253]: Connection closed by invalid user ftp 116.106.17.39 port 41900 [preauth]
Jan 31 13:41:05 bastion sshd[6262]: Connection from 116.106.17.39 port 44664 on 164.8.230.209 port 22 rdomain ""
Jan 31 13:41:05 bastion sshd[6264]: Connection from 116.106.17.39 port 39620 on 164.8.230.209 port 22 rdomain ""
Jan 31 13:41:06 bastion sshd[6256]: error: PAM: Authentication failure for root from 116.106.17.39
Jan 31 13:41:06 bastion sshd[6256]: Failed keyboard-interactive/pam for root from 116.106.17.39 port 36900 ssh2
Jan 31 13:41:06 bastion sshd[6267]: Connection from 27.70.134.169 port 42034 on 164.8.230.209 port 22 rdomain ""
Jan 31 13:41:06 bastion sshd[6256]: Connection closed by authenticating user root 116.106.17.39 port 36900 [preauth]
Jan 31 13:41:07 bastion sshd[6269]: Connection from 27.70.134.169 port 49202 on 164.8.230.209 port 22 rdomain ""
Jan 31 13:41:07 bastion sshd[6259]: Invalid user backups from 116.106.17.39 port 42154
Jan 31 13:41:07 bastion sshd[6271]: Connection from 116.106.17.39 port 47812 on 164.8.230.209 port 22 rdomain ""
Jan 31 13:41:07 bastion sshd[6259]: error: PAM: Authentication failure for illegal user backups from 116.106.17.39
Jan 31 13:41:07 bastion sshd[6259]: Failed keyboard-interactive/pam for invalid user backups from 116.106.17.39 port 42154 ssh2
Jan 31 13:41:08 bastion sshd[6267]: Invalid user admin from 27.70.134.169 port 42034
Jan 31 13:41:08 bastion sshd[6274]: Connection from 27.70.134.169 port 48252 on 164.8.230.209 port 22 rdomain ""
Jan 31 13:41:08 bastion sshd[6262]: Invalid user ts3srv from 116.106.17.39 port 44664
Jan 31 13:41:08 bastion sshd[6259]: Connection closed by invalid user backups 116.106.17.39 port 42154 [preauth]
Jan 31 13:41:08 bastion sshd[6275]: Connection from 116.106.17.39 port 57680 on 164.8.230.209 port 22 rdomain ""
Jan 31 13:41:08 bastion sshd[6267]: error: PAM: Authentication failure for illegal user admin from 27.70.134.169
Jan 31 13:41:08 bastion sshd[6267]: Failed keyboard-interactive/pam for invalid user admin from 27.70.134.169 port 42034 ssh2
Jan 31 13:41:09 bastion sshd[6262]: error: PAM: Authentication failure for illegal user ts3srv from 116.106.17.39
Jan 31 13:41:09 bastion sshd[6262]: Failed keyboard-interactive/pam for invalid user ts3srv from 116.106.17.39 port 44664 ssh2
Jan 31 13:41:09 bastion sshd[6267]: Connection closed by invalid user admin 27.70.134.169 port 42034 [preauth]
Jan 31 13:41:09 bastion sshd[6262]: Connection closed by invalid user ts3srv 116.106.17.39 port 44664 [preauth]
Jan 31 13:41:09 bastion sshd[6280]: Connection from 116.106.17.39 port 37934 on 164.8.230.209 port 22 rdomain ""
Jan 31 13:41:10 bastion sshd[6275]: Invalid user ftpadmin from 116.106.17.39 port 57680
Jan 31 13:41:10 bastion sshd[6274]: Invalid user cop from 27.70.134.169 port 48252
Jan 31 13:41:10 bastion sshd[6275]: error: PAM: Authentication failure for illegal user ftpadmin from 116.106.17.39
Jan 31 13:41:10 bastion sshd[6275]: Failed keyboard-interactive/pam for invalid user ftpadmin from 116.106.17.39 port 57680 ssh2
Jan 31 13:41:10 bastion sshd[6269]: Invalid user guest from 27.70.134.169 port 49202
Jan 31 13:41:10 bastion sshd[6283]: Connection from 222.187.239.31 port 15321 on 164.8.230.209 port 22 rdomain ""
Jan 31 13:41:10 bastion sshd[6275]: Connection closed by invalid user ftpadmin 116.106.17.39 port 57680 [preauth]
Jan 31 13:41:10 bastion sshd[6264]: Invalid user support from 116.106.17.39 port 39620
Jan 31 13:41:11 bastion sshd[6274]: error: PAM: Authentication failure for illegal user cop from 27.70.134.169
Jan 31 13:41:11 bastion sshd[6274]: Failed keyboard-interactive/pam for invalid user cop from 27.70.134.169 port 48252 ssh2
Jan 31 13:41:11 bastion sshd[6269]: error: PAM: Authentication failure for illegal user guest from 27.70.134.169
Jan 31 13:41:11 bastion sshd[6269]: Failed keyboard-interactive/pam for invalid user guest from 27.70.134.169 port 49202 ssh2
Jan 31 13:41:11 bastion sshd[6264]: error: PAM: Authentication failure for illegal user support from 116.106.17.39
Jan 31 13:41:11 bastion sshd[6264]: Failed keyboard-interactive/pam for invalid user support from 116.106.17.39 port 39620 ssh2
Jan 31 13:41:11 bastion sshd[6274]: Connection closed by invalid user cop 27.70.134.169 port 48252 [preauth]
Jan 31 13:41:11 bastion sshd[6269]: Connection closed by invalid user guest 27.70.134.169 port 49202 [preauth]
Jan 31 13:41:11 bastion sshd[6288]: Connection from 27.70.134.169 port 54376 on 164.8.230.209 port 22 rdomain ""
Jan 31 13:41:11 bastion sshd[6271]: Invalid user admin from 116.106.17.39 port 47812
Jan 31 13:41:12 bastion sshd[6271]: error: PAM: Authentication failure for illegal user admin from 116.106.17.39
Jan 31 13:41:12 bastion sshd[6271]: Failed keyboard-interactive/pam for invalid user admin from 116.106.17.39 port 47812 ssh2
Jan 31 13:41:12 bastion sshd[6291]: Connection from 116.106.17.39 port 46528 on 164.8.230.209 port 22 rdomain ""
Jan 31 13:41:12 bastion sshd[6271]: Connection closed by invalid user admin 116.106.17.39 port 47812 [preauth]
Jan 31 13:41:13 bastion sshd[6293]: Connection from 49.88.112.75 port 29435 on 164.8.230.209 port 22 rdomain ""
Jan 31 13:41:13 bastion sshd[6264]: Connection closed by invalid user support 116.106.17.39 port 39620 [preauth]
Jan 31 13:41:13 bastion sshd[6283]: error: PAM: Authentication failure for root from 222.187.239.31
Jan 31 13:41:13 bastion sshd[6283]: Failed keyboard-interactive/pam for root from 222.187.239.31 port 15321 ssh2
Jan 31 13:41:13 bastion sshd[6283]: error: PAM: Authentication failure for root from 222.187.239.31
Jan 31 13:41:13 bastion sshd[6283]: Failed keyboard-interactive/pam for root from 222.187.239.31 port 15321 ssh2
Jan 31 13:41:14 bastion sshd[6283]: error: PAM: Authentication failure for root from 222.187.239.31
Jan 31 13:41:14 bastion sshd[6283]: Failed keyboard-interactive/pam for root from 222.187.239.31 port 15321 ssh2
Jan 31 13:41:14 bastion sshd[6298]: Connection from 27.70.134.169 port 50164 on 164.8.230.209 port 22 rdomain ""
Jan 31 13:41:14 bastion sshd[6291]: Invalid user financeiro from 116.106.17.39 port 46528
Jan 31 13:41:14 bastion sshd[6288]: Invalid user teste from 27.70.134.169 port 54376
Jan 31 13:41:14 bastion sshd[6280]: Invalid user black from 116.106.17.39 port 37934
Jan 31 13:41:14 bastion sshd[6299]: Connection from 27.70.134.169 port 51252 on 164.8.230.209 port 22 rdomain ""
Jan 31 13:41:14 bastion sshd[6280]: error: PAM: Authentication failure for illegal user black from 116.106.17.39
Jan 31 13:41:14 bastion sshd[6280]: Failed keyboard-interactive/pam for invalid user black from 116.106.17.39 port 37934 ssh2
Jan 31 13:41:14 bastion sshd[6288]: error: PAM: Authentication failure for illegal user teste from 27.70.134.169
Jan 31 13:41:14 bastion sshd[6288]: Failed keyboard-interactive/pam for invalid user teste from 27.70.134.169 port 54376 ssh2
Jan 31 13:41:15 bastion sshd[6291]: error: PAM: Authentication failure for illegal user financeiro from 116.106.17.39
Jan 31 13:41:15 bastion sshd[6291]: Failed keyboard-interactive/pam for invalid user financeiro from 116.106.17.39 port 46528 ssh2
Jan 31 13:41:15 bastion sshd[6288]: Connection closed by invalid user teste 27.70.134.169 port 54376 [preauth]
Jan 31 13:41:15 bastion sshd[6280]: Connection closed by invalid user black 116.106.17.39 port 37934 [preauth]
Jan 31 13:41:15 bastion sshd[6305]: Connection from 116.106.17.39 port 34236 on 164.8.230.209 port 22 rdomain ""
