Jan 31 13:41:15 bastion sshd[6291]: Connection closed by invalid user financeiro 116.106.17.39 port 46528 [preauth]
Jan 31 13:41:16 bastion sshd[6307]: Connection from 116.106.17.39 port 56006 on 164.8.230.209 port 22 rdomain ""
Jan 31 13:41:16 bastion sshd[6299]: Invalid user helpdesk from 27.70.134.169 port 51252
Jan 31 13:41:16 bastion sshd[6293]: error: PAM: Authentication failure for root from 49.88.112.75
Jan 31 13:41:16 bastion sshd[6293]: Failed keyboard-interactive/pam for root from 49.88.112.75 port 29435 ssh2
Jan 31 13:41:16 bastion sshd[6299]: error: PAM: Authentication failure for illegal user helpdesk from 27.70.134.169
Jan 31 13:41:16 bastion sshd[6299]: Failed keyboard-interactive/pam for invalid user helpdesk from 27.70.134.169 port 51252 ssh2
Jan 31 13:41:17 bastion sshd[6299]: Connection closed by invalid user helpdesk 27.70.134.169 port 51252 [preauth]
Jan 31 13:41:17 bastion sshd[6298]: Invalid user btf from 27.70.134.169 port 50164
Jan 31 13:41:17 bastion sshd[6311]: Connection from 27.70.134.169 port 33010 on 164.8.230.209 port 22 rdomain ""
Jan 31 13:41:17 bastion sshd[6293]: error: PAM: Authentication failure for root from 49.88.112.75
Jan 31 13:41:17 bastion sshd[6293]: Failed keyboard-interactive/pam for root from 49.88.112.75 port 29435 ssh2
Jan 31 13:41:17 bastion sshd[6305]: Invalid user amssftp from 116.106.17.39 port 34236
Jan 31 13:41:17 bastion sshd[6298]: error: PAM: Authentication failure for illegal user btf from 27.70.134.169
Jan 31 13:41:17 bastion sshd[6298]: Failed keyboard-interactive/pam for invalid user btf from 27.70.134.169 port 50164 ssh2
Jan 31 13:41:18 bastion sshd[6305]: error: PAM: Authentication failure for illegal user amssftp from 116.106.17.39
Jan 31 13:41:18 bastion sshd[6305]: Failed keyboard-interactive/pam for invalid user amssftp from 116.106.17.39 port 34236 ssh2
Jan 31 13:41:18 bastion sshd[6305]: Connection closed by invalid user amssftp 116.106.17.39 port 34236 [preauth]
Jan 31 13:41:18 bastion sshd[6298]: Connection closed by invalid user btf 27.70.134.169 port 50164 [preauth]
Jan 31 13:41:19 bastion sshd[6316]: Connection from 116.106.17.39 port 42862 on 164.8.230.209 port 22 rdomain ""
Jan 31 13:41:19 bastion sshd[6293]: error: PAM: Authentication failure for root from 49.88.112.75
Jan 31 13:41:19 bastion sshd[6293]: Failed keyboard-interactive/pam for root from 49.88.112.75 port 29435 ssh2
Jan 31 13:41:19 bastion sshd[6311]: Invalid user monitor from 27.70.134.169 port 33010
Jan 31 13:41:19 bastion sshd[6293]: Received disconnect from 49.88.112.75 port 29435:11:  [preauth]
Jan 31 13:41:19 bastion sshd[6293]: Disconnected from authenticating user root 49.88.112.75 port 29435 [preauth]
Jan 31 13:41:19 bastion sshd[6319]: Connection from 116.106.17.39 port 51566 on 164.8.230.209 port 22 rdomain ""
Jan 31 13:41:20 bastion sshd[6311]: error: PAM: Authentication failure for illegal user monitor from 27.70.134.169
Jan 31 13:41:20 bastion sshd[6311]: Failed keyboard-interactive/pam for invalid user monitor from 27.70.134.169 port 33010 ssh2
Jan 31 13:41:20 bastion sshd[6307]: Invalid user installer from 116.106.17.39 port 56006
Jan 31 13:41:20 bastion sshd[6322]: Connection from 116.106.17.39 port 47778 on 164.8.230.209 port 22 rdomain ""
Jan 31 13:41:20 bastion sshd[6324]: Connection from 116.106.17.39 port 49308 on 164.8.230.209 port 22 rdomain ""
Jan 31 13:41:20 bastion sshd[6307]: error: PAM: Authentication failure for illegal user installer from 116.106.17.39
Jan 31 13:41:20 bastion sshd[6307]: Failed keyboard-interactive/pam for invalid user installer from 116.106.17.39 port 56006 ssh2
Jan 31 13:41:20 bastion sshd[6327]: Connection from 27.70.134.169 port 49620 on 164.8.230.209 port 22 rdomain ""
Jan 31 13:41:20 bastion sshd[6307]: Connection closed by invalid user installer 116.106.17.39 port 56006 [preauth]
Jan 31 13:41:21 bastion sshd[6311]: Connection closed by invalid user monitor 27.70.134.169 port 33010 [preauth]
Jan 31 13:41:21 bastion sshd[6316]: Invalid user internet from 116.106.17.39 port 42862
Jan 31 13:41:22 bastion sshd[6316]: error: PAM: Authentication failure for illegal user internet from 116.106.17.39
Jan 31 13:41:22 bastion sshd[6316]: Failed keyboard-interactive/pam for invalid user internet from 116.106.17.39 port 42862 ssh2
Jan 31 13:41:22 bastion sshd[6330]: Connection from 27.70.134.169 port 49004 on 164.8.230.209 port 22 rdomain ""
Jan 31 13:41:22 bastion sshd[6283]: Received disconnect from 222.187.239.31 port 15321:11:  [preauth]
Jan 31 13:41:22 bastion sshd[6283]: Disconnected from authenticating user root 222.187.239.31 port 15321 [preauth]
Jan 31 13:41:22 bastion sshd[6332]: Connection from 27.70.134.169 port 39934 on 164.8.230.209 port 22 rdomain ""
Jan 31 13:41:22 bastion sshd[6334]: Connection from 222.187.239.31 port 38778 on 164.8.230.209 port 22 rdomain ""
Jan 31 13:41:23 bastion sshd[6336]: Connection from 116.106.17.39 port 34756 on 164.8.230.209 port 22 rdomain ""
Jan 31 13:41:23 bastion sshd[6316]: Connection closed by invalid user internet 116.106.17.39 port 42862 [preauth]
Jan 31 13:41:23 bastion sshd[6319]: Invalid user testing from 116.106.17.39 port 51566
Jan 31 13:41:23 bastion sshd[6324]: Invalid user student4 from 116.106.17.39 port 49308
Jan 31 13:41:24 bastion sshd[6319]: error: PAM: Authentication failure for illegal user testing from 116.106.17.39
Jan 31 13:41:24 bastion sshd[6319]: Failed keyboard-interactive/pam for invalid user testing from 116.106.17.39 port 51566 ssh2
Jan 31 13:41:24 bastion sshd[6324]: error: PAM: Authentication failure for illegal user student4 from 116.106.17.39
Jan 31 13:41:24 bastion sshd[6324]: Failed keyboard-interactive/pam for invalid user student4 from 116.106.17.39 port 49308 ssh2
Jan 31 13:41:24 bastion sshd[6340]: Connection from 27.70.134.169 port 33898 on 164.8.230.209 port 22 rdomain ""
Jan 31 13:41:24 bastion sshd[6330]: Invalid user csgo from 27.70.134.169 port 49004
Jan 31 13:41:24 bastion sshd[6324]: Connection closed by invalid user student4 116.106.17.39 port 49308 [preauth]
Jan 31 13:41:24 bastion sshd[6319]: Connection closed by invalid user testing 116.106.17.39 port 51566 [preauth]
Jan 31 13:41:24 bastion sshd[6330]: error: PAM: Authentication failure for illegal user csgo from 27.70.134.169
Jan 31 13:41:24 bastion sshd[6330]: Failed keyboard-interactive/pam for invalid user csgo from 27.70.134.169 port 49004 ssh2
Jan 31 13:41:24 bastion sshd[6322]: Invalid user sys from 116.106.17.39 port 47778
Jan 31 13:41:24 bastion sshd[6343]: Connection from 27.70.134.169 port 32996 on 164.8.230.209 port 22 rdomain ""
Jan 31 13:41:25 bastion sshd[6330]: Connection closed by invalid user csgo 27.70.134.169 port 49004 [preauth]
Jan 31 13:41:25 bastion sshd[6327]: Invalid user admin from 27.70.134.169 port 49620
Jan 31 13:41:25 bastion sshd[6322]: error: PAM: Authentication failure for illegal user sys from 116.106.17.39
Jan 31 13:41:25 bastion sshd[6322]: Failed keyboard-interactive/pam for invalid user sys from 116.106.17.39 port 47778 ssh2
Jan 31 13:41:25 bastion sshd[6345]: Connection from 27.70.134.169 port 55990 on 164.8.230.209 port 22 rdomain ""
Jan 31 13:41:25 bastion sshd[6322]: Connection closed by invalid user sys 116.106.17.39 port 47778 [preauth]
Jan 31 13:41:25 bastion sshd[6332]: Invalid user sakura from 27.70.134.169 port 39934
Jan 31 13:41:26 bastion sshd[6327]: error: PAM: Authentication failure for illegal user admin from 27.70.134.169
Jan 31 13:41:26 bastion sshd[6327]: Failed keyboard-interactive/pam for invalid user admin from 27.70.134.169 port 49620 ssh2
Jan 31 13:41:26 bastion sshd[6348]: Connection from 116.106.17.39 port 46980 on 164.8.230.209 port 22 rdomain ""
Jan 31 13:41:26 bastion sshd[6332]: error: PAM: Authentication failure for illegal user sakura from 27.70.134.169
Jan 31 13:41:26 bastion sshd[6332]: Failed keyboard-interactive/pam for invalid user sakura from 27.70.134.169 port 39934 ssh2
Jan 31 13:41:26 bastion sshd[6327]: Connection closed by invalid user admin 27.70.134.169 port 49620 [preauth]
Jan 31 13:41:26 bastion sshd[6334]: error: PAM: Authentication failure for root from 222.187.239.31
Jan 31 13:41:26 bastion sshd[6334]: Failed keyboard-interactive/pam for root from 222.187.239.31 port 38778 ssh2
Jan 31 13:41:26 bastion sshd[6334]: error: PAM: Authentication failure for root from 222.187.239.31
Jan 31 13:41:26 bastion sshd[6334]: Failed keyboard-interactive/pam for root from 222.187.239.31 port 38778 ssh2
Jan 31 13:41:27 bastion sshd[6345]: Invalid user peter from 27.70.134.169 port 55990
Jan 31 13:41:27 bastion sshd[6334]: error: PAM: Authentication failure for root from 222.187.239.31
Jan 31 13:41:27 bastion sshd[6334]: Failed keyboard-interactive/pam for root from 222.187.239.31 port 38778 ssh2
Jan 31 13:41:27 bastion sshd[6336]: Invalid user eduardo from 116.106.17.39 port 34756
Jan 31 13:41:27 bastion sshd[6334]: Received disconnect from 222.187.239.31 port 38778:11:  [preauth]
Jan 31 13:41:27 bastion sshd[6334]: Disconnected from authenticating user root 222.187.239.31 port 38778 [preauth]
Jan 31 13:41:27 bastion sshd[6332]: Connection closed by invalid user sakura 27.70.134.169 port 39934 [preauth]
Jan 31 13:41:27 bastion sshd[6345]: error: PAM: Authentication failure for illegal user peter from 27.70.134.169
Jan 31 13:41:27 bastion sshd[6345]: Failed keyboard-interactive/pam for invalid user peter from 27.70.134.169 port 55990 ssh2
Jan 31 13:41:27 bastion sshd[6356]: Connection from 116.106.17.39 port 57236 on 164.8.230.209 port 22 rdomain ""
Jan 31 13:41:28 bastion sshd[6340]: Invalid user ultra from 27.70.134.169 port 33898
Jan 31 13:41:28 bastion sshd[6345]: Connection closed by invalid user peter 27.70.134.169 port 55990 [preauth]
Jan 31 13:41:28 bastion sshd[6336]: error: PAM: Authentication failure for illegal user eduardo from 116.106.17.39
Jan 31 13:41:28 bastion sshd[6336]: Failed keyboard-interactive/pam for invalid user eduardo from 116.106.17.39 port 34756 ssh2
Jan 31 13:41:28 bastion sshd[6336]: Connection closed by invalid user eduardo 116.106.17.39 port 34756 [preauth]
Jan 31 13:41:28 bastion sshd[6343]: Invalid user bitrix from 27.70.134.169 port 32996
Jan 31 13:41:28 bastion sshd[6340]: error: PAM: Authentication failure for illegal user ultra from 27.70.134.169
Jan 31 13:41:28 bastion sshd[6340]: Failed keyboard-interactive/pam for invalid user ultra from 27.70.134.169 port 33898 ssh2
Jan 31 13:41:29 bastion sshd[6340]: Connection closed by invalid user ultra 27.70.134.169 port 33898 [preauth]
Jan 31 13:41:29 bastion sshd[6360]: Connection from 116.106.17.39 port 1218 on 164.8.230.209 port 22 rdomain ""
Jan 31 13:41:29 bastion sshd[6361]: Connection from 116.106.17.39 port 35168 on 164.8.230.209 port 22 rdomain ""
Jan 31 13:41:29 bastion sshd[6356]: Invalid user support from 116.106.17.39 port 57236
Jan 31 13:41:30 bastion sshd[6356]: error: PAM: Authentication failure for illegal user support from 116.106.17.39
Jan 31 13:41:30 bastion sshd[6356]: Failed keyboard-interactive/pam for invalid user support from 116.106.17.39 port 57236 ssh2
Jan 31 13:41:30 bastion sshd[6348]: Invalid user admin from 116.106.17.39 port 46980
Jan 31 13:41:30 bastion sshd[6348]: error: PAM: Authentication failure for illegal user admin from 116.106.17.39
Jan 31 13:41:30 bastion sshd[6348]: Failed keyboard-interactive/pam for invalid user admin from 116.106.17.39 port 46980 ssh2
Jan 31 13:41:30 bastion sshd[6356]: Connection closed by invalid user support 116.106.17.39 port 57236 [preauth]
Jan 31 13:41:30 bastion sshd[6343]: error: PAM: Authentication failure for illegal user bitrix from 27.70.134.169
Jan 31 13:41:30 bastion sshd[6343]: Failed keyboard-interactive/pam for invalid user bitrix from 27.70.134.169 port 32996 ssh2
Jan 31 13:41:31 bastion sshd[6348]: Connection closed by invalid user admin 116.106.17.39 port 46980 [preauth]
Jan 31 13:41:31 bastion sshd[6343]: Connection closed by invalid user bitrix 27.70.134.169 port 32996 [preauth]
Jan 31 13:41:32 bastion sshd[6360]: Invalid user testuser from 116.106.17.39 port 1218
Jan 31 13:41:32 bastion sshd[6361]: Invalid user upload from 116.106.17.39 port 35168
Jan 31 13:41:32 bastion sshd[6367]: Connection from 116.106.17.39 port 43294 on 164.8.230.209 port 22 rdomain ""
Jan 31 13:41:32 bastion sshd[6360]: error: PAM: Authentication failure for illegal user testuser from 116.106.17.39
Jan 31 13:41:32 bastion sshd[6360]: Failed keyboard-interactive/pam for invalid user testuser from 116.106.17.39 port 1218 ssh2
Jan 31 13:41:32 bastion sshd[6361]: error: PAM: Authentication failure for illegal user upload from 116.106.17.39
Jan 31 13:41:32 bastion sshd[6361]: Failed keyboard-interactive/pam for invalid user upload from 116.106.17.39 port 35168 ssh2
Jan 31 13:41:32 bastion sshd[6371]: Connection from 27.70.134.169 port 55400 on 164.8.230.209 port 22 rdomain ""
Jan 31 13:41:32 bastion sshd[6361]: Connection closed by invalid user upload 116.106.17.39 port 35168 [preauth]
Jan 31 13:41:33 bastion sshd[6373]: Connection from 27.70.134.169 port 60292 on 164.8.230.209 port 22 rdomain ""
Jan 31 13:41:33 bastion sshd[6360]: Connection closed by invalid user testuser 116.106.17.39 port 1218 [preauth]
Jan 31 13:41:33 bastion sshd[6375]: Connection from 116.106.17.39 port 51284 on 164.8.230.209 port 22 rdomain ""
Jan 31 13:41:33 bastion sshd[6377]: Connection from 27.70.134.169 port 59876 on 164.8.230.209 port 22 rdomain ""
Jan 31 13:41:34 bastion sshd[6379]: Connection from 116.106.17.39 port 47708 on 164.8.230.209 port 22 rdomain ""
Jan 31 13:41:35 bastion sshd[6373]: error: PAM: Authentication failure for root from 27.70.134.169
Jan 31 13:41:35 bastion sshd[6373]: Failed keyboard-interactive/pam for root from 27.70.134.169 port 60292 ssh2
Jan 31 13:41:35 bastion sshd[6381]: Connection from 116.106.17.39 port 59822 on 164.8.230.209 port 22 rdomain ""
Jan 31 13:41:35 bastion sshd[6367]: Invalid user admin from 116.106.17.39 port 43294
Jan 31 13:41:35 bastion sshd[6383]: Connection from 116.106.17.39 port 56162 on 164.8.230.209 port 22 rdomain ""
Jan 31 13:41:35 bastion sshd[6373]: Connection closed by authenticating user root 27.70.134.169 port 60292 [preauth]
Jan 31 13:41:35 bastion sshd[6385]: Connection from 116.106.17.39 port 57956 on 164.8.230.209 port 22 rdomain ""
Jan 31 13:41:35 bastion sshd[6371]: Invalid user cyrus from 27.70.134.169 port 55400
Jan 31 13:41:35 bastion sshd[6367]: error: PAM: Authentication failure for illegal user admin from 116.106.17.39
Jan 31 13:41:35 bastion sshd[6367]: Failed keyboard-interactive/pam for invalid user admin from 116.106.17.39 port 43294 ssh2
Jan 31 13:41:36 bastion sshd[6377]: error: PAM: Authentication failure for root from 27.70.134.169
Jan 31 13:41:36 bastion sshd[6377]: Failed keyboard-interactive/pam for root from 27.70.134.169 port 59876 ssh2
Jan 31 13:41:36 bastion sshd[6367]: Connection closed by invalid user admin 116.106.17.39 port 43294 [preauth]
Jan 31 13:41:36 bastion sshd[6371]: error: PAM: Authentication failure for illegal user cyrus from 27.70.134.169
Jan 31 13:41:36 bastion sshd[6371]: Failed keyboard-interactive/pam for invalid user cyrus from 27.70.134.169 port 55400 ssh2
Jan 31 13:41:36 bastion sshd[6375]: error: PAM: Authentication failure for root from 116.106.17.39
Jan 31 13:41:36 bastion sshd[6375]: Failed keyboard-interactive/pam for root from 116.106.17.39 port 51284 ssh2
Jan 31 13:41:36 bastion sshd[6377]: Connection closed by authenticating user root 27.70.134.169 port 59876 [preauth]
Jan 31 13:41:36 bastion sshd[6371]: Connection closed by invalid user cyrus 27.70.134.169 port 55400 [preauth]
Jan 31 13:41:36 bastion sshd[6375]: Connection closed by authenticating user root 116.106.17.39 port 51284 [preauth]
Jan 31 13:41:37 bastion sshd[6393]: Connection from 27.70.134.169 port 48614 on 164.8.230.209 port 22 rdomain ""
Jan 31 13:41:37 bastion sshd[6395]: Connection from 27.70.134.169 port 45086 on 164.8.230.209 port 22 rdomain ""
Jan 31 13:41:39 bastion sshd[6397]: Connection from 27.70.134.169 port 54608 on 164.8.230.209 port 22 rdomain ""
Jan 31 13:41:39 bastion sshd[6383]: Invalid user admi from 116.106.17.39 port 56162
Jan 31 13:41:39 bastion sshd[6399]: Connection from 116.106.17.39 port 49036 on 164.8.230.209 port 22 rdomain ""
Jan 31 13:41:39 bastion sshd[6381]: Invalid user sergey from 116.106.17.39 port 59822
Jan 31 13:41:39 bastion sshd[6395]: Invalid user w from 27.70.134.169 port 45086
Jan 31 13:41:39 bastion sshd[6393]: Invalid user osmc from 27.70.134.169 port 48614
Jan 31 13:41:39 bastion sshd[6401]: Connection from 222.187.239.31 port 18880 on 164.8.230.209 port 22 rdomain ""
Jan 31 13:41:39 bastion sshd[6383]: error: PAM: Authentication failure for illegal user admi from 116.106.17.39
Jan 31 13:41:39 bastion sshd[6383]: Failed keyboard-interactive/pam for invalid user admi from 116.106.17.39 port 56162 ssh2
Jan 31 13:41:39 bastion sshd[6385]: Invalid user userftp from 116.106.17.39 port 57956
Jan 31 13:41:39 bastion sshd[6381]: error: PAM: Authentication failure for illegal user sergey from 116.106.17.39
Jan 31 13:41:39 bastion sshd[6381]: Failed keyboard-interactive/pam for invalid user sergey from 116.106.17.39 port 59822 ssh2
Jan 31 13:41:40 bastion sshd[6395]: error: PAM: Authentication failure for illegal user w from 27.70.134.169
Jan 31 13:41:40 bastion sshd[6395]: Failed keyboard-interactive/pam for invalid user w from 27.70.134.169 port 45086 ssh2
Jan 31 13:41:40 bastion sshd[6406]: Connection from 27.70.134.169 port 59258 on 164.8.230.209 port 22 rdomain ""
Jan 31 13:41:40 bastion sshd[6383]: Connection closed by invalid user admi 116.106.17.39 port 56162 [preauth]
Jan 31 13:41:40 bastion sshd[6385]: error: PAM: Authentication failure for illegal user userftp from 116.106.17.39
Jan 31 13:41:40 bastion sshd[6385]: Failed keyboard-interactive/pam for invalid user userftp from 116.106.17.39 port 57956 ssh2
Jan 31 13:41:40 bastion sshd[6381]: Connection closed by invalid user sergey 116.106.17.39 port 59822 [preauth]
Jan 31 13:41:40 bastion sshd[6409]: Connection from 116.106.17.39 port 49510 on 164.8.230.209 port 22 rdomain ""
Jan 31 13:41:40 bastion sshd[6395]: Connection closed by invalid user w 27.70.134.169 port 45086 [preauth]
Jan 31 13:41:40 bastion sshd[6385]: Connection closed by invalid user userftp 116.106.17.39 port 57956 [preauth]
Jan 31 13:41:41 bastion sshd[6399]: Invalid user sales from 116.106.17.39 port 49036
Jan 31 13:41:41 bastion sshd[6393]: error: PAM: Authentication failure for illegal user osmc from 27.70.134.169
Jan 31 13:41:41 bastion sshd[6393]: Failed keyboard-interactive/pam for invalid user osmc from 27.70.134.169 port 48614 ssh2
Jan 31 13:41:41 bastion sshd[6379]: error: PAM: Authentication failure for root from 116.106.17.39
Jan 31 13:41:41 bastion sshd[6379]: Failed keyboard-interactive/pam for root from 116.106.17.39 port 47708 ssh2
Jan 31 13:41:41 bastion sshd[6399]: error: PAM: Authentication failure for illegal user sales from 116.106.17.39
Jan 31 13:41:41 bastion sshd[6399]: Failed keyboard-interactive/pam for invalid user sales from 116.106.17.39 port 49036 ssh2
Jan 31 13:41:41 bastion sshd[6379]: Connection closed by authenticating user root 116.106.17.39 port 47708 [preauth]
Jan 31 13:41:42 bastion sshd[6399]: Connection closed by invalid user sales 116.106.17.39 port 49036 [preauth]
Jan 31 13:41:42 bastion sshd[6393]: Connection closed by invalid user osmc 27.70.134.169 port 48614 [preauth]
Jan 31 13:41:42 bastion sshd[6414]: Connection from 27.70.134.169 port 40456 on 164.8.230.209 port 22 rdomain ""
Jan 31 13:41:43 bastion sshd[6406]: Invalid user letha from 27.70.134.169 port 59258
Jan 31 13:41:43 bastion sshd[6401]: error: PAM: Authentication failure for root from 222.187.239.31
Jan 31 13:41:43 bastion sshd[6401]: Failed keyboard-interactive/pam for root from 222.187.239.31 port 18880 ssh2
Jan 31 13:41:43 bastion sshd[6401]: error: PAM: Authentication failure for root from 222.187.239.31
Jan 31 13:41:43 bastion sshd[6401]: Failed keyboard-interactive/pam for root from 222.187.239.31 port 18880 ssh2
Jan 31 13:41:43 bastion sshd[6406]: error: PAM: Authentication failure for illegal user letha from 27.70.134.169
Jan 31 13:41:43 bastion sshd[6406]: Failed keyboard-interactive/pam for invalid user letha from 27.70.134.169 port 59258 ssh2
Jan 31 13:41:43 bastion sshd[6419]: Connection from 27.70.134.169 port 39450 on 164.8.230.209 port 22 rdomain ""
Jan 31 13:41:43 bastion sshd[6406]: Connection closed by invalid user letha 27.70.134.169 port 59258 [preauth]
Jan 31 13:41:43 bastion sshd[6397]: error: PAM: Authentication failure for root from 27.70.134.169
Jan 31 13:41:43 bastion sshd[6397]: Failed keyboard-interactive/pam for root from 27.70.134.169 port 54608 ssh2
Jan 31 13:41:44 bastion sshd[6422]: Connection from 27.70.134.169 port 41420 on 164.8.230.209 port 22 rdomain ""
Jan 31 13:41:44 bastion sshd[6401]: error: PAM: Authentication failure for root from 222.187.239.31
Jan 31 13:41:44 bastion sshd[6401]: Failed keyboard-interactive/pam for root from 222.187.239.31 port 18880 ssh2
Jan 31 13:41:44 bastion sshd[6401]: Received disconnect from 222.187.239.31 port 18880:11:  [preauth]
Jan 31 13:41:44 bastion sshd[6401]: Disconnected from authenticating user root 222.187.239.31 port 18880 [preauth]
Jan 31 13:41:44 bastion sshd[6425]: Connection from 116.106.17.39 port 42146 on 164.8.230.209 port 22 rdomain ""
Jan 31 13:41:44 bastion sshd[6409]: Invalid user madrid from 116.106.17.39 port 49510
Jan 31 13:41:45 bastion sshd[6397]: Connection closed by authenticating user root 27.70.134.169 port 54608 [preauth]
Jan 31 13:41:45 bastion sshd[6419]: Invalid user info from 27.70.134.169 port 39450
Jan 31 13:41:45 bastion sshd[6414]: error: PAM: Authentication failure for root from 27.70.134.169
Jan 31 13:41:45 bastion sshd[6414]: Failed keyboard-interactive/pam for root from 27.70.134.169 port 40456 ssh2
Jan 31 13:41:45 bastion sshd[6409]: error: PAM: Authentication failure for illegal user madrid from 116.106.17.39
Jan 31 13:41:45 bastion sshd[6409]: Failed keyboard-interactive/pam for invalid user madrid from 116.106.17.39 port 49510 ssh2
Jan 31 13:41:45 bastion sshd[6419]: error: PAM: Authentication failure for illegal user info from 27.70.134.169
Jan 31 13:41:45 bastion sshd[6419]: Failed keyboard-interactive/pam for invalid user info from 27.70.134.169 port 39450 ssh2
Jan 31 13:41:46 bastion sshd[6430]: Connection from 27.70.134.169 port 56940 on 164.8.230.209 port 22 rdomain ""
Jan 31 13:41:46 bastion sshd[6431]: Connection from 116.106.17.39 port 46732 on 164.8.230.209 port 22 rdomain ""
Jan 31 13:41:46 bastion sshd[6409]: Connection closed by invalid user madrid 116.106.17.39 port 49510 [preauth]
Jan 31 13:41:46 bastion sshd[6419]: Connection closed by invalid user info 27.70.134.169 port 39450 [preauth]
Jan 31 13:41:46 bastion sshd[6414]: Connection closed by authenticating user root 27.70.134.169 port 40456 [preauth]
Jan 31 13:41:47 bastion sshd[6425]: Invalid user ubnt from 116.106.17.39 port 42146
Jan 31 13:41:48 bastion sshd[6422]: Invalid user redis from 27.70.134.169 port 41420
Jan 31 13:41:48 bastion sshd[6425]: error: PAM: Authentication failure for illegal user ubnt from 116.106.17.39
Jan 31 13:41:48 bastion sshd[6425]: Failed keyboard-interactive/pam for invalid user ubnt from 116.106.17.39 port 42146 ssh2
Jan 31 13:41:48 bastion sshd[6435]: Connection from 116.106.17.39 port 39868 on 164.8.230.209 port 22 rdomain ""
Jan 31 13:41:48 bastion sshd[6437]: Connection from 116.106.17.39 port 56312 on 164.8.230.209 port 22 rdomain ""
Jan 31 13:41:48 bastion sshd[6425]: Connection closed by invalid user ubnt 116.106.17.39 port 42146 [preauth]
Jan 31 13:41:48 bastion sshd[6422]: error: PAM: Authentication failure for illegal user redis from 27.70.134.169
Jan 31 13:41:48 bastion sshd[6422]: Failed keyboard-interactive/pam for invalid user redis from 27.70.134.169 port 41420 ssh2
Jan 31 13:41:48 bastion sshd[6439]: Connection from 27.70.134.169 port 37900 on 164.8.230.209 port 22 rdomain ""
Jan 31 13:41:48 bastion sshd[6431]: Invalid user minecraft from 116.106.17.39 port 46732
Jan 31 13:41:49 bastion sshd[6442]: Connection from 27.70.134.169 port 41648 on 164.8.230.209 port 22 rdomain ""
Jan 31 13:41:49 bastion sshd[6443]: Connection from 116.106.17.39 port 1068 on 164.8.230.209 port 22 rdomain ""
Jan 31 13:41:49 bastion sshd[6422]: Connection closed by invalid user redis 27.70.134.169 port 41420 [preauth]
Jan 31 13:41:49 bastion sshd[6446]: Connection from 27.70.134.169 port 35926 on 164.8.230.209 port 22 rdomain ""
Jan 31 13:41:50 bastion sshd[6437]: Invalid user bin from 116.106.17.39 port 56312
Jan 31 13:41:50 bastion sshd[6430]: error: PAM: Authentication failure for root from 27.70.134.169
Jan 31 13:41:50 bastion sshd[6430]: Failed keyboard-interactive/pam for root from 27.70.134.169 port 56940 ssh2
Jan 31 13:41:50 bastion sshd[6431]: error: PAM: Authentication failure for illegal user minecraft from 116.106.17.39
Jan 31 13:41:50 bastion sshd[6431]: Failed keyboard-interactive/pam for invalid user minecraft from 116.106.17.39 port 46732 ssh2
Jan 31 13:41:50 bastion sshd[6431]: Connection closed by invalid user minecraft 116.106.17.39 port 46732 [preauth]
Jan 31 13:41:50 bastion sshd[6430]: Connection closed by authenticating user root 27.70.134.169 port 56940 [preauth]
Jan 31 13:41:50 bastion sshd[6437]: error: PAM: Authentication failure for illegal user bin from 116.106.17.39
Jan 31 13:41:50 bastion sshd[6437]: Failed keyboard-interactive/pam for invalid user bin from 116.106.17.39 port 56312 ssh2
Jan 31 13:41:51 bastion sshd[6435]: Invalid user carmen from 116.106.17.39 port 39868
Jan 31 13:41:51 bastion sshd[6437]: Connection closed by invalid user bin 116.106.17.39 port 56312 [preauth]
Jan 31 13:41:51 bastion sshd[6435]: error: PAM: Authentication failure for illegal user carmen from 116.106.17.39
Jan 31 13:41:51 bastion sshd[6435]: Failed keyboard-interactive/pam for invalid user carmen from 116.106.17.39 port 39868 ssh2
Jan 31 13:41:51 bastion sshd[6435]: Connection closed by invalid user carmen 116.106.17.39 port 39868 [preauth]
Jan 31 13:41:52 bastion sshd[6442]: Invalid user tes from 27.70.134.169 port 41648
Jan 31 13:41:52 bastion sshd[6452]: Connection from 116.106.17.39 port 59584 on 164.8.230.209 port 22 rdomain ""
Jan 31 13:41:52 bastion sshd[6446]: error: PAM: Authentication failure for root from 27.70.134.169
Jan 31 13:41:52 bastion sshd[6446]: Failed keyboard-interactive/pam for root from 27.70.134.169 port 35926 ssh2
Jan 31 13:41:52 bastion sshd[6439]: Invalid user kkh from 27.70.134.169 port 37900
Jan 31 13:41:52 bastion sshd[6442]: error: PAM: Authentication failure for illegal user tes from 27.70.134.169
Jan 31 13:41:52 bastion sshd[6442]: Failed keyboard-interactive/pam for invalid user tes from 27.70.134.169 port 41648 ssh2
Jan 31 13:41:52 bastion sshd[6446]: Connection closed by authenticating user root 27.70.134.169 port 35926 [preauth]
Jan 31 13:41:52 bastion sshd[6439]: error: PAM: Authentication failure for illegal user kkh from 27.70.134.169
Jan 31 13:41:52 bastion sshd[6439]: Failed keyboard-interactive/pam for invalid user kkh from 27.70.134.169 port 37900 ssh2
Jan 31 13:41:53 bastion sshd[6439]: Connection closed by invalid user kkh 27.70.134.169 port 37900 [preauth]
Jan 31 13:41:53 bastion sshd[6443]: Invalid user admin from 116.106.17.39 port 1068
Jan 31 13:41:53 bastion sshd[6442]: Connection closed by invalid user tes 27.70.134.169 port 41648 [preauth]
Jan 31 13:41:53 bastion sshd[6443]: error: PAM: Authentication failure for illegal user admin from 116.106.17.39
Jan 31 13:41:53 bastion sshd[6443]: Failed keyboard-interactive/pam for invalid user admin from 116.106.17.39 port 1068 ssh2
Jan 31 13:41:54 bastion sshd[6443]: Connection closed by invalid user admin 116.106.17.39 port 1068 [preauth]
Jan 31 13:41:55 bastion sshd[6458]: Connection from 27.70.134.169 port 59616 on 164.8.230.209 port 22 rdomain ""
Jan 31 13:41:55 bastion sshd[6460]: Connection from 27.70.134.169 port 41540 on 164.8.230.209 port 22 rdomain ""
Jan 31 13:41:56 bastion sshd[6462]: Connection from 116.106.17.39 port 50690 on 164.8.230.209 port 22 rdomain ""
Jan 31 13:41:56 bastion sshd[6452]: error: PAM: Authentication failure for root from 116.106.17.39
Jan 31 13:41:56 bastion sshd[6452]: Failed keyboard-interactive/pam for root from 116.106.17.39 port 59584 ssh2
Jan 31 13:41:56 bastion sshd[6452]: Connection closed by authenticating user root 116.106.17.39 port 59584 [preauth]
Jan 31 13:41:57 bastion sshd[6458]: error: PAM: Authentication failure for root from 27.70.134.169
Jan 31 13:41:57 bastion sshd[6458]: Failed keyboard-interactive/pam for root from 27.70.134.169 port 59616 ssh2
Jan 31 13:41:57 bastion sshd[6465]: Connection from 27.70.134.169 port 42480 on 164.8.230.209 port 22 rdomain ""
Jan 31 13:41:57 bastion sshd[6467]: Connection from 27.70.134.169 port 42836 on 164.8.230.209 port 22 rdomain ""
Jan 31 13:41:57 bastion sshd[6469]: Connection from 27.70.134.169 port 49770 on 164.8.230.209 port 22 rdomain ""
Jan 31 13:41:58 bastion sshd[6458]: Connection closed by authenticating user root 27.70.134.169 port 59616 [preauth]
Jan 31 13:41:58 bastion sshd[6460]: Invalid user app from 27.70.134.169 port 41540
Jan 31 13:41:58 bastion sshd[6460]: error: PAM: Authentication failure for illegal user app from 27.70.134.169
Jan 31 13:41:58 bastion sshd[6460]: Failed keyboard-interactive/pam for invalid user app from 27.70.134.169 port 41540 ssh2
Jan 31 13:41:59 bastion sshd[6473]: Connection from 27.70.134.169 port 40015 on 164.8.230.209 port 22 rdomain ""
Jan 31 13:41:59 bastion sshd[6460]: Connection closed by invalid user app 27.70.134.169 port 41540 [preauth]
Jan 31 13:41:59 bastion sshd[6462]: Invalid user open from 116.106.17.39 port 50690
Jan 31 13:41:59 bastion sshd[6462]: error: PAM: Authentication failure for illegal user open from 116.106.17.39
Jan 31 13:41:59 bastion sshd[6462]: Failed keyboard-interactive/pam for invalid user open from 116.106.17.39 port 50690 ssh2
Jan 31 13:42:00 bastion sshd[6465]: Invalid user support from 27.70.134.169 port 42480
Jan 31 13:42:00 bastion sshd[6462]: Connection closed by invalid user open 116.106.17.39 port 50690 [preauth]
Jan 31 13:42:00 bastion sshd[6465]: error: PAM: Authentication failure for illegal user support from 27.70.134.169
Jan 31 13:42:00 bastion sshd[6465]: Failed keyboard-interactive/pam for invalid user support from 27.70.134.169 port 42480 ssh2
Jan 31 13:42:01 bastion sshd[6473]: Invalid user hello from 27.70.134.169 port 40015
Jan 31 13:42:01 bastion sshd[6465]: Connection closed by invalid user support 27.70.134.169 port 42480 [preauth]
Jan 31 13:42:01 bastion sshd[6477]: Connection from 27.70.134.169 port 32964 on 164.8.230.209 port 22 rdomain ""
Jan 31 13:42:01 bastion sshd[6479]: Connection from 116.106.17.39 port 53922 on 164.8.230.209 port 22 rdomain ""
Jan 31 13:42:01 bastion sshd[6473]: error: PAM: Authentication failure for illegal user hello from 27.70.134.169
Jan 31 13:42:01 bastion sshd[6473]: Failed keyboard-interactive/pam for invalid user hello from 27.70.134.169 port 40015 ssh2
Jan 31 13:42:01 bastion sshd[6469]: Invalid user amy from 27.70.134.169 port 49770
Jan 31 13:42:02 bastion sshd[6467]: Invalid user zabbix from 27.70.134.169 port 42836
Jan 31 13:42:02 bastion sshd[6473]: Connection closed by invalid user hello 27.70.134.169 port 40015 [preauth]
Jan 31 13:42:02 bastion sshd[6469]: error: PAM: Authentication failure for illegal user amy from 27.70.134.169
Jan 31 13:42:02 bastion sshd[6469]: Failed keyboard-interactive/pam for invalid user amy from 27.70.134.169 port 49770 ssh2
Jan 31 13:42:02 bastion sshd[6483]: Connection from 116.106.17.39 port 41078 on 164.8.230.209 port 22 rdomain ""
Jan 31 13:42:03 bastion sshd[6469]: Connection closed by invalid user amy 27.70.134.169 port 49770 [preauth]
Jan 31 13:42:04 bastion sshd[6477]: Invalid user test from 27.70.134.169 port 32964
Jan 31 13:42:04 bastion sshd[6467]: error: PAM: Authentication failure for illegal user zabbix from 27.70.134.169
Jan 31 13:42:04 bastion sshd[6467]: Failed keyboard-interactive/pam for invalid user zabbix from 27.70.134.169 port 42836 ssh2
Jan 31 13:42:04 bastion sshd[6477]: error: PAM: Authentication failure for illegal user test from 27.70.134.169
Jan 31 13:42:04 bastion sshd[6477]: Failed keyboard-interactive/pam for invalid user test from 27.70.134.169 port 32964 ssh2
Jan 31 13:42:05 bastion sshd[6477]: Connection closed by invalid user test 27.70.134.169 port 32964 [preauth]
Jan 31 13:42:05 bastion sshd[6479]: Invalid user admin from 116.106.17.39 port 53922
Jan 31 13:42:05 bastion sshd[6487]: Connection from 27.70.134.169 port 53372 on 164.8.230.209 port 22 rdomain ""
Jan 31 13:42:06 bastion sshd[6489]: Connection from 116.106.17.39 port 49972 on 164.8.230.209 port 22 rdomain ""
Jan 31 13:42:06 bastion sshd[6490]: Connection from 116.106.17.39 port 59804 on 164.8.230.209 port 22 rdomain ""
Jan 31 13:42:06 bastion sshd[6479]: error: PAM: Authentication failure for illegal user admin from 116.106.17.39
Jan 31 13:42:06 bastion sshd[6479]: Failed keyboard-interactive/pam for invalid user admin from 116.106.17.39 port 53922 ssh2
Jan 31 13:42:06 bastion sshd[6467]: Connection closed by invalid user zabbix 27.70.134.169 port 42836 [preauth]
Jan 31 13:42:07 bastion sshd[6483]: Invalid user administrators from 116.106.17.39 port 41078
Jan 31 13:42:07 bastion sshd[6494]: Connection from 116.106.17.39 port 1154 on 164.8.230.209 port 22 rdomain ""
Jan 31 13:42:07 bastion sshd[6495]: Connection from 27.70.134.169 port 60196 on 164.8.230.209 port 22 rdomain ""
Jan 31 13:42:07 bastion sshd[6479]: Connection closed by invalid user admin 116.106.17.39 port 53922 [preauth]
Jan 31 13:42:07 bastion sshd[6483]: error: PAM: Authentication failure for illegal user administrators from 116.106.17.39
Jan 31 13:42:07 bastion sshd[6483]: Failed keyboard-interactive/pam for invalid user administrators from 116.106.17.39 port 41078 ssh2
Jan 31 13:42:08 bastion sshd[6499]: Connection from 27.70.134.169 port 39987 on 164.8.230.209 port 22 rdomain ""
Jan 31 13:42:08 bastion sshd[6483]: Connection closed by invalid user administrators 116.106.17.39 port 41078 [preauth]
Jan 31 13:42:08 bastion sshd[6501]: Connection from 27.70.134.169 port 40048 on 164.8.230.209 port 22 rdomain ""
Jan 31 13:42:08 bastion sshd[6503]: Connection from 116.106.17.39 port 34464 on 164.8.230.209 port 22 rdomain ""
Jan 31 13:42:09 bastion sshd[6504]: Connection from 116.106.17.39 port 34492 on 164.8.230.209 port 22 rdomain ""
Jan 31 13:42:09 bastion sshd[6507]: Connection from 27.70.134.169 port 39891 on 164.8.230.209 port 22 rdomain ""
Jan 31 13:42:09 bastion sshd[6494]: Invalid user abe from 116.106.17.39 port 1154
Jan 31 13:42:09 bastion sshd[6487]: Invalid user ems from 27.70.134.169 port 53372
Jan 31 13:42:10 bastion sshd[12380]: error: beginning MaxStartups throttling
Jan 31 13:42:10 bastion sshd[12380]: drop connection #11 from [27.70.134.169]:49552 on [164.8.230.209]:22 past MaxStartups
Jan 31 13:42:10 bastion sshd[6509]: Connection from 27.70.134.169 port 49322 on 164.8.230.209 port 22 rdomain ""
Jan 31 13:42:10 bastion sshd[6490]: Invalid user testing from 116.106.17.39 port 59804
Jan 31 13:42:10 bastion sshd[6494]: error: PAM: Authentication failure for illegal user abe from 116.106.17.39
Jan 31 13:42:10 bastion sshd[6494]: Failed keyboard-interactive/pam for invalid user abe from 116.106.17.39 port 1154 ssh2
Jan 31 13:42:10 bastion sshd[6487]: error: PAM: Authentication failure for illegal user ems from 27.70.134.169
Jan 31 13:42:10 bastion sshd[6487]: Failed keyboard-interactive/pam for invalid user ems from 27.70.134.169 port 53372 ssh2
Jan 31 13:42:10 bastion sshd[6494]: Connection closed by invalid user abe 116.106.17.39 port 1154 [preauth]
Jan 31 13:42:10 bastion sshd[6490]: error: PAM: Authentication failure for illegal user testing from 116.106.17.39
Jan 31 13:42:10 bastion sshd[6490]: Failed keyboard-interactive/pam for invalid user testing from 116.106.17.39 port 59804 ssh2
Jan 31 13:42:10 bastion sshd[6487]: Connection closed by invalid user ems 27.70.134.169 port 53372 [preauth]
Jan 31 13:42:10 bastion sshd[6504]: Invalid user apple from 116.106.17.39 port 34492
Jan 31 13:42:10 bastion sshd[6514]: Connection from 116.106.17.39 port 1220 on 164.8.230.209 port 22 rdomain ""
Jan 31 13:42:11 bastion sshd[6495]: Invalid user support from 27.70.134.169 port 60196
Jan 31 13:42:11 bastion sshd[12380]: drop connection #10 from [116.106.17.39]:44128 on [164.8.230.209]:22 past MaxStartups
Jan 31 13:42:11 bastion sshd[6503]: error: PAM: Authentication failure for user from 116.106.17.39
Jan 31 13:42:11 bastion sshd[6503]: Failed keyboard-interactive/pam for user from 116.106.17.39 port 34464 ssh2
Jan 31 13:42:11 bastion sshd[6490]: Connection closed by invalid user testing 116.106.17.39 port 59804 [preauth]
Jan 31 13:42:11 bastion sshd[6489]: error: PAM: Authentication failure for root from 116.106.17.39
Jan 31 13:42:11 bastion sshd[6489]: Failed keyboard-interactive/pam for root from 116.106.17.39 port 49972 ssh2
Jan 31 13:42:11 bastion sshd[6504]: error: PAM: Authentication failure for illegal user apple from 116.106.17.39
Jan 31 13:42:11 bastion sshd[6504]: Failed keyboard-interactive/pam for invalid user apple from 116.106.17.39 port 34492 ssh2
Jan 31 13:42:11 bastion sshd[6499]: Invalid user 123456 from 27.70.134.169 port 39987
Jan 31 13:42:11 bastion sshd[6495]: error: PAM: Authentication failure for illegal user support from 27.70.134.169
Jan 31 13:42:11 bastion sshd[6495]: Failed keyboard-interactive/pam for invalid user support from 27.70.134.169 port 60196 ssh2
Jan 31 13:42:11 bastion sshd[6503]: Connection closed by authenticating user user 116.106.17.39 port 34464 [preauth]
Jan 31 13:42:11 bastion sshd[6489]: Connection closed by authenticating user root 116.106.17.39 port 49972 [preauth]
Jan 31 13:42:11 bastion sshd[6499]: error: PAM: Authentication failure for illegal user 123456 from 27.70.134.169
Jan 31 13:42:11 bastion sshd[6499]: Failed keyboard-interactive/pam for invalid user 123456 from 27.70.134.169 port 39987 ssh2
Jan 31 13:42:12 bastion sshd[6504]: Connection closed by invalid user apple 116.106.17.39 port 34492 [preauth]
Jan 31 13:42:12 bastion sshd[6499]: Connection closed by invalid user 123456 27.70.134.169 port 39987 [preauth]
Jan 31 13:42:12 bastion sshd[12380]: exited MaxStartups throttling after 00:00:02, 2 connections dropped
Jan 31 13:42:12 bastion sshd[6521]: Connection from 116.106.17.39 port 53238 on 164.8.230.209 port 22 rdomain ""
Jan 31 13:42:12 bastion sshd[6523]: Connection from 116.106.17.39 port 53858 on 164.8.230.209 port 22 rdomain ""
Jan 31 13:42:13 bastion sshd[6509]: Invalid user adnmin from 27.70.134.169 port 49322
Jan 31 13:42:13 bastion sshd[6509]: error: PAM: Authentication failure for illegal user adnmin from 27.70.134.169
Jan 31 13:42:13 bastion sshd[6509]: Failed keyboard-interactive/pam for invalid user adnmin from 27.70.134.169 port 49322 ssh2
Jan 31 13:42:13 bastion sshd[6525]: Connection from 27.70.134.169 port 41822 on 164.8.230.209 port 22 rdomain ""
Jan 31 13:42:13 bastion sshd[6527]: Connection from 27.70.134.169 port 42982 on 164.8.230.209 port 22 rdomain ""
Jan 31 13:42:13 bastion sshd[6509]: Connection closed by invalid user adnmin 27.70.134.169 port 49322 [preauth]
Jan 31 13:42:14 bastion sshd[6514]: Invalid user admin from 116.106.17.39 port 1220
Jan 31 13:42:14 bastion sshd[6501]: Invalid user 12345 from 27.70.134.169 port 40048
Jan 31 13:42:14 bastion sshd[6501]: error: PAM: Authentication failure for illegal user 12345 from 27.70.134.169
Jan 31 13:42:14 bastion sshd[6501]: Failed keyboard-interactive/pam for invalid user 12345 from 27.70.134.169 port 40048 ssh2
Jan 31 13:42:14 bastion sshd[6514]: error: PAM: Authentication failure for illegal user admin from 116.106.17.39
Jan 31 13:42:14 bastion sshd[6514]: Failed keyboard-interactive/pam for invalid user admin from 116.106.17.39 port 1220 ssh2
Jan 31 13:42:15 bastion sshd[6501]: Connection closed by invalid user 12345 27.70.134.169 port 40048 [preauth]
Jan 31 13:42:15 bastion sshd[6514]: Connection closed by invalid user admin 116.106.17.39 port 1220 [preauth]
Jan 31 13:42:15 bastion sshd[6507]: Invalid user matt from 27.70.134.169 port 39891
Jan 31 13:42:15 bastion sshd[6495]: Connection closed by invalid user support 27.70.134.169 port 60196 [preauth]
Jan 31 13:42:15 bastion sshd[6532]: Connection from 116.106.17.39 port 43304 on 164.8.230.209 port 22 rdomain ""
Jan 31 13:42:15 bastion sshd[6533]: Connection from 116.106.17.39 port 52696 on 164.8.230.209 port 22 rdomain ""
Jan 31 13:42:15 bastion sshd[6507]: error: PAM: Authentication failure for illegal user matt from 27.70.134.169
Jan 31 13:42:15 bastion sshd[6507]: Failed keyboard-interactive/pam for invalid user matt from 27.70.134.169 port 39891 ssh2
Jan 31 13:42:15 bastion sshd[6521]: Invalid user system from 116.106.17.39 port 53238
Jan 31 13:42:16 bastion sshd[6507]: Connection closed by invalid user matt 27.70.134.169 port 39891 [preauth]
Jan 31 13:42:16 bastion sshd[6521]: error: PAM: Authentication failure for illegal user system from 116.106.17.39
Jan 31 13:42:16 bastion sshd[6521]: Failed keyboard-interactive/pam for invalid user system from 116.106.17.39 port 53238 ssh2
Jan 31 13:42:16 bastion sshd[6521]: Connection closed by invalid user system 116.106.17.39 port 53238 [preauth]
Jan 31 13:42:17 bastion sshd[6527]: error: PAM: Authentication failure for root from 27.70.134.169
Jan 31 13:42:17 bastion sshd[6527]: Failed keyboard-interactive/pam for root from 27.70.134.169 port 42982 ssh2
Jan 31 13:42:17 bastion sshd[6525]: error: PAM: Authentication failure for nobody from 27.70.134.169
Jan 31 13:42:17 bastion sshd[6525]: Failed keyboard-interactive/pam for nobody from 27.70.134.169 port 41822 ssh2
Jan 31 13:42:17 bastion sshd[6527]: Connection closed by authenticating user root 27.70.134.169 port 42982 [preauth]
Jan 31 13:42:17 bastion sshd[6540]: Connection from 116.106.17.39 port 52982 on 164.8.230.209 port 22 rdomain ""
Jan 31 13:42:17 bastion sshd[6541]: Connection from 116.106.17.39 port 60980 on 164.8.230.209 port 22 rdomain ""
Jan 31 13:42:18 bastion sshd[6533]: Invalid user vagrant from 116.106.17.39 port 52696
Jan 31 13:42:18 bastion sshd[6525]: Connection closed by authenticating user nobody 27.70.134.169 port 41822 [preauth]
Jan 31 13:42:18 bastion sshd[6533]: error: PAM: Authentication failure for illegal user vagrant from 116.106.17.39
Jan 31 13:42:18 bastion sshd[6533]: Failed keyboard-interactive/pam for invalid user vagrant from 116.106.17.39 port 52696 ssh2
Jan 31 13:42:19 bastion sshd[6545]: Connection from 116.106.17.39 port 60834 on 164.8.230.209 port 22 rdomain ""
Jan 31 13:42:19 bastion sshd[6533]: Connection closed by invalid user vagrant 116.106.17.39 port 52696 [preauth]
Jan 31 13:42:19 bastion sshd[6532]: Invalid user kim from 116.106.17.39 port 43304
Jan 31 13:42:20 bastion sshd[6523]: error: PAM: Authentication failure for root from 116.106.17.39
Jan 31 13:42:20 bastion sshd[6523]: Failed keyboard-interactive/pam for root from 116.106.17.39 port 53858 ssh2
Jan 31 13:42:20 bastion sshd[6532]: error: PAM: Authentication failure for illegal user kim from 116.106.17.39
Jan 31 13:42:20 bastion sshd[6532]: Failed keyboard-interactive/pam for invalid user kim from 116.106.17.39 port 43304 ssh2
Jan 31 13:42:20 bastion sshd[6549]: Connection from 27.70.134.169 port 35572 on 164.8.230.209 port 22 rdomain ""
Jan 31 13:42:20 bastion sshd[6523]: Connection closed by authenticating user root 116.106.17.39 port 53858 [preauth]
Jan 31 13:42:20 bastion sshd[6532]: Connection closed by invalid user kim 116.106.17.39 port 43304 [preauth]
Jan 31 13:42:21 bastion sshd[6540]: Invalid user jack from 116.106.17.39 port 52982
Jan 31 13:42:21 bastion sshd[6541]: Invalid user sales from 116.106.17.39 port 60980
Jan 31 13:42:21 bastion sshd[6541]: error: PAM: Authentication failure for illegal user sales from 116.106.17.39
Jan 31 13:42:21 bastion sshd[6541]: Failed keyboard-interactive/pam for invalid user sales from 116.106.17.39 port 60980 ssh2
Jan 31 13:42:22 bastion sshd[6545]: Invalid user fax from 116.106.17.39 port 60834
Jan 31 13:42:22 bastion sshd[6541]: Connection closed by invalid user sales 116.106.17.39 port 60980 [preauth]
Jan 31 13:42:22 bastion sshd[6545]: error: PAM: Authentication failure for illegal user fax from 116.106.17.39
Jan 31 13:42:22 bastion sshd[6545]: Failed keyboard-interactive/pam for invalid user fax from 116.106.17.39 port 60834 ssh2
Jan 31 13:42:22 bastion sshd[6540]: error: PAM: Authentication failure for illegal user jack from 116.106.17.39
Jan 31 13:42:22 bastion sshd[6540]: Failed keyboard-interactive/pam for invalid user jack from 116.106.17.39 port 52982 ssh2
Jan 31 13:42:22 bastion sshd[6545]: Connection closed by invalid user fax 116.106.17.39 port 60834 [preauth]
Jan 31 13:42:23 bastion sshd[6540]: Connection closed by invalid user jack 116.106.17.39 port 52982 [preauth]
Jan 31 13:42:24 bastion sshd[6549]: Invalid user uucp from 27.70.134.169 port 35572
Jan 31 13:42:26 bastion sshd[6554]: Connection from 27.70.134.169 port 48068 on 164.8.230.209 port 22 rdomain ""
Jan 31 13:42:27 bastion sshd[6549]: error: PAM: Authentication failure for illegal user uucp from 27.70.134.169
Jan 31 13:42:27 bastion sshd[6549]: Failed keyboard-interactive/pam for invalid user uucp from 27.70.134.169 port 35572 ssh2
Jan 31 13:42:27 bastion sshd[6549]: Connection closed by invalid user uucp 27.70.134.169 port 35572 [preauth]
Jan 31 13:42:28 bastion sshd[6557]: Connection from 27.70.134.169 port 35844 on 164.8.230.209 port 22 rdomain ""
Jan 31 13:42:28 bastion sshd[6554]: Invalid user adfexc from 27.70.134.169 port 48068
Jan 31 13:42:29 bastion sshd[6554]: error: PAM: Authentication failure for illegal user adfexc from 27.70.134.169
Jan 31 13:42:29 bastion sshd[6554]: Failed keyboard-interactive/pam for invalid user adfexc from 27.70.134.169 port 48068 ssh2
Jan 31 13:42:30 bastion sshd[6560]: Connection from 116.106.17.39 port 59522 on 164.8.230.209 port 22 rdomain ""
Jan 31 13:42:31 bastion sshd[6561]: Connection from 27.70.134.169 port 50566 on 164.8.230.209 port 22 rdomain ""
Jan 31 13:42:31 bastion sshd[6557]: Invalid user john from 27.70.134.169 port 35844
Jan 31 13:42:31 bastion sshd[6554]: Connection closed by invalid user adfexc 27.70.134.169 port 48068 [preauth]
Jan 31 13:42:31 bastion sshd[6563]: Connection from 27.70.134.169 port 51748 on 164.8.230.209 port 22 rdomain ""
Jan 31 13:42:31 bastion sshd[6557]: error: PAM: Authentication failure for illegal user john from 27.70.134.169
Jan 31 13:42:31 bastion sshd[6557]: Failed keyboard-interactive/pam for invalid user john from 27.70.134.169 port 35844 ssh2
Jan 31 13:42:32 bastion sshd[6557]: Connection closed by invalid user john 27.70.134.169 port 35844 [preauth]
Jan 31 13:42:32 bastion sshd[6566]: Connection from 27.70.134.169 port 54442 on 164.8.230.209 port 22 rdomain ""
Jan 31 13:42:32 bastion sshd[6569]: Connection from 27.70.134.169 port 53152 on 164.8.230.209 port 22 rdomain ""
Jan 31 13:42:33 bastion sshd[6571]: Connection from 27.70.134.169 port 59648 on 164.8.230.209 port 22 rdomain ""
Jan 31 13:42:34 bastion sshd[6572]: Connection from 116.106.17.39 port 51864 on 164.8.230.209 port 22 rdomain ""
Jan 31 13:42:34 bastion sshd[6560]: Invalid user albert from 116.106.17.39 port 59522
Jan 31 13:42:34 bastion sshd[6561]: Invalid user ace from 27.70.134.169 port 50566
Jan 31 13:42:34 bastion sshd[6561]: error: PAM: Authentication failure for illegal user ace from 27.70.134.169
Jan 31 13:42:34 bastion sshd[6561]: Failed keyboard-interactive/pam for invalid user ace from 27.70.134.169 port 50566 ssh2
Jan 31 13:42:35 bastion sshd[6560]: error: PAM: Authentication failure for illegal user albert from 116.106.17.39
Jan 31 13:42:35 bastion sshd[6560]: Failed keyboard-interactive/pam for invalid user albert from 116.106.17.39 port 59522 ssh2
Jan 31 13:42:35 bastion sshd[6569]: Invalid user book from 27.70.134.169 port 53152
Jan 31 13:42:35 bastion sshd[6563]: Invalid user dan from 27.70.134.169 port 51748
Jan 31 13:42:35 bastion sshd[6569]: error: PAM: Authentication failure for illegal user book from 27.70.134.169
Jan 31 13:42:35 bastion sshd[6569]: Failed keyboard-interactive/pam for invalid user book from 27.70.134.169 port 53152 ssh2
Jan 31 13:42:36 bastion sshd[6563]: error: PAM: Authentication failure for illegal user dan from 27.70.134.169
Jan 31 13:42:36 bastion sshd[6563]: Failed keyboard-interactive/pam for invalid user dan from 27.70.134.169 port 51748 ssh2
Jan 31 13:42:36 bastion sshd[6561]: Connection closed by invalid user ace 27.70.134.169 port 50566 [preauth]
Jan 31 13:42:36 bastion sshd[6579]: Connection from 27.70.134.169 port 46270 on 164.8.230.209 port 22 rdomain ""
Jan 31 13:42:36 bastion sshd[6569]: Connection closed by invalid user book 27.70.134.169 port 53152 [preauth]
Jan 31 13:42:36 bastion sshd[6563]: Connection closed by invalid user dan 27.70.134.169 port 51748 [preauth]
Jan 31 13:42:36 bastion sshd[6572]: Invalid user nagios from 116.106.17.39 port 51864
Jan 31 13:42:36 bastion sshd[6572]: error: PAM: Authentication failure for illegal user nagios from 116.106.17.39
Jan 31 13:42:36 bastion sshd[6572]: Failed keyboard-interactive/pam for invalid user nagios from 116.106.17.39 port 51864 ssh2
Jan 31 13:42:37 bastion sshd[6566]: error: PAM: Authentication failure for root from 27.70.134.169
Jan 31 13:42:37 bastion sshd[6566]: Failed keyboard-interactive/pam for root from 27.70.134.169 port 54442 ssh2
Jan 31 13:42:37 bastion sshd[6583]: Connection from 27.70.134.169 port 43548 on 164.8.230.209 port 22 rdomain ""
Jan 31 13:42:37 bastion sshd[6560]: Connection closed by invalid user albert 116.106.17.39 port 59522 [preauth]
