Jan 31 13:42:37 bastion sshd[6584]: Connection from 116.106.17.39 port 41458 on 164.8.230.209 port 22 rdomain ""
Jan 31 13:42:38 bastion sshd[6572]: Connection closed by invalid user nagios 116.106.17.39 port 51864 [preauth]
Jan 31 13:42:38 bastion sshd[6566]: Connection closed by authenticating user root 27.70.134.169 port 54442 [preauth]
Jan 31 13:42:38 bastion sshd[6587]: Connection from 116.106.17.39 port 46420 on 164.8.230.209 port 22 rdomain ""
Jan 31 13:42:38 bastion sshd[6571]: Invalid user mythtv from 27.70.134.169 port 59648
Jan 31 13:42:39 bastion sshd[6589]: Connection from 27.70.134.169 port 48212 on 164.8.230.209 port 22 rdomain ""
Jan 31 13:42:39 bastion sshd[6591]: Connection from 116.106.17.39 port 48354 on 164.8.230.209 port 22 rdomain ""
Jan 31 13:42:39 bastion sshd[6571]: error: PAM: Authentication failure for illegal user mythtv from 27.70.134.169
Jan 31 13:42:39 bastion sshd[6571]: Failed keyboard-interactive/pam for invalid user mythtv from 27.70.134.169 port 59648 ssh2
Jan 31 13:42:39 bastion sshd[6595]: Connection from 27.70.134.169 port 50902 on 164.8.230.209 port 22 rdomain ""
Jan 31 13:42:39 bastion sshd[6594]: Connection from 27.70.134.169 port 34526 on 164.8.230.209 port 22 rdomain ""
Jan 31 13:42:39 bastion sshd[6571]: Connection closed by invalid user mythtv 27.70.134.169 port 59648 [preauth]
Jan 31 13:42:40 bastion sshd[6598]: Connection from 27.70.134.169 port 37180 on 164.8.230.209 port 22 rdomain ""
Jan 31 13:42:40 bastion sshd[6584]: Invalid user 3 from 116.106.17.39 port 41458
Jan 31 13:42:40 bastion sshd[6600]: Connection from 116.106.17.39 port 52004 on 164.8.230.209 port 22 rdomain ""
Jan 31 13:42:41 bastion sshd[6584]: error: PAM: Authentication failure for illegal user 3 from 116.106.17.39
Jan 31 13:42:41 bastion sshd[6584]: Failed keyboard-interactive/pam for invalid user 3 from 116.106.17.39 port 41458 ssh2
Jan 31 13:42:41 bastion sshd[6603]: Connection from 116.106.17.39 port 59004 on 164.8.230.209 port 22 rdomain ""
Jan 31 13:42:41 bastion sshd[6594]: Invalid user prueba from 27.70.134.169 port 34526
Jan 31 13:42:41 bastion sshd[6584]: Connection closed by invalid user 3 116.106.17.39 port 41458 [preauth]
Jan 31 13:42:41 bastion sshd[6579]: Invalid user admin from 27.70.134.169 port 46270
Jan 31 13:42:41 bastion sshd[6589]: error: PAM: Authentication failure for root from 27.70.134.169
Jan 31 13:42:41 bastion sshd[6589]: Failed keyboard-interactive/pam for root from 27.70.134.169 port 48212 ssh2
Jan 31 13:42:41 bastion sshd[6605]: Connection from 116.106.17.39 port 56066 on 164.8.230.209 port 22 rdomain ""
Jan 31 13:42:41 bastion sshd[6594]: error: PAM: Authentication failure for illegal user prueba from 27.70.134.169
Jan 31 13:42:41 bastion sshd[6594]: Failed keyboard-interactive/pam for invalid user prueba from 27.70.134.169 port 34526 ssh2
Jan 31 13:42:41 bastion sshd[6591]: error: PAM: Authentication failure for root from 116.106.17.39
Jan 31 13:42:41 bastion sshd[6591]: Failed keyboard-interactive/pam for root from 116.106.17.39 port 48354 ssh2
Jan 31 13:42:41 bastion sshd[6609]: Connection from 116.106.17.39 port 33350 on 164.8.230.209 port 22 rdomain ""
Jan 31 13:42:42 bastion sshd[6583]: error: PAM: Authentication failure for root from 27.70.134.169
Jan 31 13:42:42 bastion sshd[6583]: Failed keyboard-interactive/pam for root from 27.70.134.169 port 43548 ssh2
Jan 31 13:42:42 bastion sshd[6579]: error: PAM: Authentication failure for illegal user admin from 27.70.134.169
Jan 31 13:42:42 bastion sshd[6579]: Failed keyboard-interactive/pam for invalid user admin from 27.70.134.169 port 46270 ssh2
Jan 31 13:42:42 bastion sshd[6589]: Connection closed by authenticating user root 27.70.134.169 port 48212 [preauth]
Jan 31 13:42:42 bastion sshd[6591]: Connection closed by authenticating user root 116.106.17.39 port 48354 [preauth]
Jan 31 13:42:42 bastion sshd[6594]: Connection closed by invalid user prueba 27.70.134.169 port 34526 [preauth]
Jan 31 13:42:42 bastion sshd[6583]: Connection closed by authenticating user root 27.70.134.169 port 43548 [preauth]
Jan 31 13:42:42 bastion sshd[6579]: Connection closed by invalid user admin 27.70.134.169 port 46270 [preauth]
Jan 31 13:42:43 bastion sshd[6587]: Invalid user belkinstyle from 116.106.17.39 port 46420
Jan 31 13:42:43 bastion sshd[6598]: Invalid user deploy from 27.70.134.169 port 37180
Jan 31 13:42:44 bastion sshd[6587]: error: PAM: Authentication failure for illegal user belkinstyle from 116.106.17.39
Jan 31 13:42:44 bastion sshd[6587]: Failed keyboard-interactive/pam for invalid user belkinstyle from 116.106.17.39 port 46420 ssh2
Jan 31 13:42:44 bastion sshd[6598]: error: PAM: Authentication failure for illegal user deploy from 27.70.134.169
Jan 31 13:42:44 bastion sshd[6598]: Failed keyboard-interactive/pam for invalid user deploy from 27.70.134.169 port 37180 ssh2
Jan 31 13:42:44 bastion sshd[6603]: Invalid user openfiler from 116.106.17.39 port 59004
Jan 31 13:42:44 bastion sshd[6600]: Invalid user downloads from 116.106.17.39 port 52004
Jan 31 13:42:44 bastion sshd[6587]: Connection closed by invalid user belkinstyle 116.106.17.39 port 46420 [preauth]
Jan 31 13:42:44 bastion sshd[6595]: Invalid user pos from 27.70.134.169 port 50902
Jan 31 13:42:44 bastion sshd[6598]: Connection closed by invalid user deploy 27.70.134.169 port 37180 [preauth]
Jan 31 13:42:44 bastion sshd[6605]: Invalid user michael from 116.106.17.39 port 56066
Jan 31 13:42:44 bastion sshd[6603]: error: PAM: Authentication failure for illegal user openfiler from 116.106.17.39
Jan 31 13:42:44 bastion sshd[6603]: Failed keyboard-interactive/pam for invalid user openfiler from 116.106.17.39 port 59004 ssh2
Jan 31 13:42:44 bastion sshd[6600]: error: PAM: Authentication failure for illegal user downloads from 116.106.17.39
Jan 31 13:42:44 bastion sshd[6600]: Failed keyboard-interactive/pam for invalid user downloads from 116.106.17.39 port 52004 ssh2
Jan 31 13:42:44 bastion sshd[6617]: Connection from 116.106.17.39 port 46544 on 164.8.230.209 port 22 rdomain ""
Jan 31 13:42:44 bastion sshd[6619]: Connection from 116.106.17.39 port 47534 on 164.8.230.209 port 22 rdomain ""
Jan 31 13:42:44 bastion sshd[6621]: Connection from 116.106.17.39 port 48516 on 164.8.230.209 port 22 rdomain ""
Jan 31 13:42:44 bastion sshd[6605]: error: PAM: Authentication failure for illegal user michael from 116.106.17.39
Jan 31 13:42:44 bastion sshd[6605]: Failed keyboard-interactive/pam for invalid user michael from 116.106.17.39 port 56066 ssh2
Jan 31 13:42:45 bastion sshd[6595]: error: PAM: Authentication failure for illegal user pos from 27.70.134.169
Jan 31 13:42:45 bastion sshd[6595]: Failed keyboard-interactive/pam for invalid user pos from 27.70.134.169 port 50902 ssh2
Jan 31 13:42:45 bastion sshd[6605]: Connection closed by invalid user michael 116.106.17.39 port 56066 [preauth]
Jan 31 13:42:45 bastion sshd[6595]: Connection closed by invalid user pos 27.70.134.169 port 50902 [preauth]
Jan 31 13:42:45 bastion sshd[6609]: Invalid user ebay from 116.106.17.39 port 33350
Jan 31 13:42:46 bastion sshd[6600]: Connection closed by invalid user downloads 116.106.17.39 port 52004 [preauth]
Jan 31 13:42:46 bastion sshd[6609]: error: PAM: Authentication failure for illegal user ebay from 116.106.17.39
Jan 31 13:42:46 bastion sshd[6609]: Failed keyboard-interactive/pam for invalid user ebay from 116.106.17.39 port 33350 ssh2
Jan 31 13:42:46 bastion sshd[6609]: Connection closed by invalid user ebay 116.106.17.39 port 33350 [preauth]
Jan 31 13:42:47 bastion sshd[6621]: Invalid user notjoin from 116.106.17.39 port 48516
Jan 31 13:42:47 bastion sshd[6603]: Connection closed by invalid user openfiler 116.106.17.39 port 59004 [preauth]
Jan 31 13:42:47 bastion sshd[6621]: error: PAM: Authentication failure for illegal user notjoin from 116.106.17.39
Jan 31 13:42:47 bastion sshd[6621]: Failed keyboard-interactive/pam for invalid user notjoin from 116.106.17.39 port 48516 ssh2
Jan 31 13:42:47 bastion sshd[6628]: Connection from 49.88.112.75 port 59549 on 164.8.230.209 port 22 rdomain ""
Jan 31 13:42:48 bastion sshd[6621]: Connection closed by invalid user notjoin 116.106.17.39 port 48516 [preauth]
Jan 31 13:42:48 bastion sshd[6619]: Invalid user 3user from 116.106.17.39 port 47534
Jan 31 13:42:48 bastion sshd[6617]: Invalid user support from 116.106.17.39 port 46544
Jan 31 13:42:48 bastion sshd[6630]: Connection from 116.106.17.39 port 36918 on 164.8.230.209 port 22 rdomain ""
Jan 31 13:42:48 bastion sshd[6619]: error: PAM: Authentication failure for illegal user 3user from 116.106.17.39
Jan 31 13:42:48 bastion sshd[6619]: Failed keyboard-interactive/pam for invalid user 3user from 116.106.17.39 port 47534 ssh2
Jan 31 13:42:48 bastion sshd[6617]: error: PAM: Authentication failure for illegal user support from 116.106.17.39
Jan 31 13:42:48 bastion sshd[6617]: Failed keyboard-interactive/pam for invalid user support from 116.106.17.39 port 46544 ssh2
Jan 31 13:42:49 bastion sshd[6619]: Connection closed by invalid user 3user 116.106.17.39 port 47534 [preauth]
Jan 31 13:42:49 bastion sshd[6617]: Connection closed by invalid user support 116.106.17.39 port 46544 [preauth]
Jan 31 13:42:49 bastion sshd[6634]: Connection from 116.106.17.39 port 41646 on 164.8.230.209 port 22 rdomain ""
Jan 31 13:42:51 bastion sshd[6636]: Connection from 116.106.17.39 port 48742 on 164.8.230.209 port 22 rdomain ""
Jan 31 13:42:51 bastion sshd[6634]: Invalid user nagios from 116.106.17.39 port 41646
Jan 31 13:42:51 bastion sshd[6638]: Connection from 27.70.134.169 port 40046 on 164.8.230.209 port 22 rdomain ""
Jan 31 13:42:51 bastion sshd[6630]: Invalid user ax from 116.106.17.39 port 36918
Jan 31 13:42:51 bastion sshd[6630]: error: PAM: Authentication failure for illegal user ax from 116.106.17.39
Jan 31 13:42:51 bastion sshd[6630]: Failed keyboard-interactive/pam for invalid user ax from 116.106.17.39 port 36918 ssh2
Jan 31 13:42:52 bastion sshd[6630]: Connection closed by invalid user ax 116.106.17.39 port 36918 [preauth]
Jan 31 13:42:52 bastion sshd[6634]: error: PAM: Authentication failure for illegal user nagios from 116.106.17.39
Jan 31 13:42:52 bastion sshd[6634]: Failed keyboard-interactive/pam for invalid user nagios from 116.106.17.39 port 41646 ssh2
Jan 31 13:42:52 bastion sshd[6634]: Connection closed by invalid user nagios 116.106.17.39 port 41646 [preauth]
Jan 31 13:42:52 bastion sshd[6642]: Connection from 116.106.17.39 port 55370 on 164.8.230.209 port 22 rdomain ""
Jan 31 13:42:53 bastion sshd[6644]: Connection from 27.70.134.169 port 47066 on 164.8.230.209 port 22 rdomain ""
Jan 31 13:42:53 bastion sshd[6628]: error: PAM: Authentication failure for root from 49.88.112.75
Jan 31 13:42:53 bastion sshd[6628]: Failed keyboard-interactive/pam for root from 49.88.112.75 port 59549 ssh2
Jan 31 13:42:53 bastion sshd[6628]: error: PAM: Authentication failure for root from 49.88.112.75
Jan 31 13:42:53 bastion sshd[6628]: Failed keyboard-interactive/pam for root from 49.88.112.75 port 59549 ssh2
Jan 31 13:42:53 bastion sshd[6628]: error: PAM: Authentication failure for root from 49.88.112.75
Jan 31 13:42:53 bastion sshd[6628]: Failed keyboard-interactive/pam for root from 49.88.112.75 port 59549 ssh2
Jan 31 13:42:54 bastion sshd[6628]: Received disconnect from 49.88.112.75 port 59549:11:  [preauth]
Jan 31 13:42:54 bastion sshd[6628]: Disconnected from authenticating user root 49.88.112.75 port 59549 [preauth]
Jan 31 13:42:54 bastion sshd[6636]: Invalid user mysql from 116.106.17.39 port 48742
Jan 31 13:42:54 bastion sshd[6636]: error: PAM: Authentication failure for illegal user mysql from 116.106.17.39
Jan 31 13:42:54 bastion sshd[6636]: Failed keyboard-interactive/pam for invalid user mysql from 116.106.17.39 port 48742 ssh2
Jan 31 13:42:55 bastion sshd[6636]: Connection closed by invalid user mysql 116.106.17.39 port 48742 [preauth]
Jan 31 13:42:55 bastion sshd[6650]: Connection from 27.70.134.169 port 49826 on 164.8.230.209 port 22 rdomain ""
Jan 31 13:42:56 bastion sshd[6638]: Invalid user chiangmai2 from 27.70.134.169 port 40046
Jan 31 13:42:56 bastion sshd[6644]: Invalid user guest from 27.70.134.169 port 47066
Jan 31 13:42:56 bastion sshd[6652]: Connection from 116.106.17.39 port 41516 on 164.8.230.209 port 22 rdomain ""
Jan 31 13:42:56 bastion sshd[6644]: error: PAM: Authentication failure for illegal user guest from 27.70.134.169
Jan 31 13:42:56 bastion sshd[6644]: Failed keyboard-interactive/pam for invalid user guest from 27.70.134.169 port 47066 ssh2
Jan 31 13:42:56 bastion sshd[6638]: error: PAM: Authentication failure for illegal user chiangmai2 from 27.70.134.169
Jan 31 13:42:56 bastion sshd[6638]: Failed keyboard-interactive/pam for invalid user chiangmai2 from 27.70.134.169 port 40046 ssh2
Jan 31 13:42:57 bastion sshd[6656]: Connection from 27.70.134.169 port 60050 on 164.8.230.209 port 22 rdomain ""
Jan 31 13:42:57 bastion sshd[6638]: Connection closed by invalid user chiangmai2 27.70.134.169 port 40046 [preauth]
Jan 31 13:42:57 bastion sshd[6642]: Invalid user test2 from 116.106.17.39 port 55370
Jan 31 13:42:57 bastion sshd[6644]: Connection closed by invalid user guest 27.70.134.169 port 47066 [preauth]
Jan 31 13:42:57 bastion sshd[6642]: error: PAM: Authentication failure for illegal user test2 from 116.106.17.39
Jan 31 13:42:57 bastion sshd[6642]: Failed keyboard-interactive/pam for invalid user test2 from 116.106.17.39 port 55370 ssh2
Jan 31 13:42:58 bastion sshd[6642]: Connection closed by invalid user test2 116.106.17.39 port 55370 [preauth]
Jan 31 13:42:58 bastion sshd[6650]: Invalid user rob from 27.70.134.169 port 49826
Jan 31 13:42:58 bastion sshd[6656]: Invalid user miner from 27.70.134.169 port 60050
Jan 31 13:42:59 bastion sshd[6656]: error: PAM: Authentication failure for illegal user miner from 27.70.134.169
Jan 31 13:42:59 bastion sshd[6656]: Failed keyboard-interactive/pam for invalid user miner from 27.70.134.169 port 60050 ssh2
Jan 31 13:42:59 bastion sshd[6650]: error: PAM: Authentication failure for illegal user rob from 27.70.134.169
Jan 31 13:42:59 bastion sshd[6650]: Failed keyboard-interactive/pam for invalid user rob from 27.70.134.169 port 49826 ssh2
Jan 31 13:43:00 bastion sshd[6656]: Connection closed by invalid user miner 27.70.134.169 port 60050 [preauth]
Jan 31 13:43:00 bastion sshd[6650]: Connection closed by invalid user rob 27.70.134.169 port 49826 [preauth]
Jan 31 13:43:00 bastion sshd[6652]: Invalid user admin from 116.106.17.39 port 41516
Jan 31 13:43:01 bastion sshd[6652]: error: PAM: Authentication failure for illegal user admin from 116.106.17.39
Jan 31 13:43:01 bastion sshd[6652]: Failed keyboard-interactive/pam for invalid user admin from 116.106.17.39 port 41516 ssh2
Jan 31 13:43:01 bastion sshd[6662]: Connection from 27.70.134.169 port 41400 on 164.8.230.209 port 22 rdomain ""
Jan 31 13:43:02 bastion sshd[6664]: Connection from 116.106.17.39 port 40910 on 164.8.230.209 port 22 rdomain ""
Jan 31 13:43:03 bastion sshd[6662]: Invalid user adim from 27.70.134.169 port 41400
Jan 31 13:43:03 bastion sshd[6666]: Connection from 27.70.134.169 port 45562 on 164.8.230.209 port 22 rdomain ""
Jan 31 13:43:03 bastion sshd[6662]: error: PAM: Authentication failure for illegal user adim from 27.70.134.169
Jan 31 13:43:03 bastion sshd[6662]: Failed keyboard-interactive/pam for invalid user adim from 27.70.134.169 port 41400 ssh2
Jan 31 13:43:04 bastion sshd[6662]: Connection closed by invalid user adim 27.70.134.169 port 41400 [preauth]
Jan 31 13:43:04 bastion sshd[6669]: Connection from 116.106.17.39 port 50108 on 164.8.230.209 port 22 rdomain ""
Jan 31 13:43:04 bastion sshd[6666]: Invalid user scan from 27.70.134.169 port 45562
Jan 31 13:43:05 bastion sshd[6652]: Connection closed by invalid user admin 116.106.17.39 port 41516 [preauth]
Jan 31 13:43:05 bastion sshd[6666]: error: PAM: Authentication failure for illegal user scan from 27.70.134.169
Jan 31 13:43:05 bastion sshd[6666]: Failed keyboard-interactive/pam for invalid user scan from 27.70.134.169 port 45562 ssh2
Jan 31 13:43:05 bastion sshd[6664]: Invalid user ftp from 116.106.17.39 port 40910
Jan 31 13:43:05 bastion sshd[6666]: Connection closed by invalid user scan 27.70.134.169 port 45562 [preauth]
Jan 31 13:43:06 bastion sshd[6664]: error: PAM: Authentication failure for illegal user ftp from 116.106.17.39
Jan 31 13:43:06 bastion sshd[6664]: Failed keyboard-interactive/pam for invalid user ftp from 116.106.17.39 port 40910 ssh2
Jan 31 13:43:06 bastion sshd[6669]: error: PAM: Authentication failure for root from 116.106.17.39
Jan 31 13:43:06 bastion sshd[6669]: Failed keyboard-interactive/pam for root from 116.106.17.39 port 50108 ssh2
Jan 31 13:43:07 bastion sshd[6664]: Connection closed by invalid user ftp 116.106.17.39 port 40910 [preauth]
Jan 31 13:43:08 bastion sshd[6674]: Connection from 27.70.134.169 port 32908 on 164.8.230.209 port 22 rdomain ""
Jan 31 13:43:08 bastion sshd[6669]: Connection closed by authenticating user root 116.106.17.39 port 50108 [preauth]
Jan 31 13:43:11 bastion sshd[6674]: error: PAM: Authentication failure for user from 27.70.134.169
Jan 31 13:43:11 bastion sshd[6674]: Failed keyboard-interactive/pam for user from 27.70.134.169 port 32908 ssh2
Jan 31 13:43:11 bastion sshd[6674]: Connection closed by authenticating user user 27.70.134.169 port 32908 [preauth]
Jan 31 13:43:12 bastion sshd[6677]: Connection from 27.70.134.169 port 47050 on 164.8.230.209 port 22 rdomain ""
Jan 31 13:43:14 bastion sshd[6679]: Connection from 27.70.134.169 port 40528 on 164.8.230.209 port 22 rdomain ""
Jan 31 13:43:15 bastion sshd[6681]: Connection from 27.70.134.169 port 39294 on 164.8.230.209 port 22 rdomain ""
Jan 31 13:43:16 bastion sshd[6683]: Connection from 116.106.17.39 port 48704 on 164.8.230.209 port 22 rdomain ""
Jan 31 13:43:16 bastion sshd[6677]: Invalid user customs from 27.70.134.169 port 47050
Jan 31 13:43:16 bastion sshd[6679]: Invalid user testing from 27.70.134.169 port 40528
Jan 31 13:43:16 bastion sshd[6681]: Invalid user test from 27.70.134.169 port 39294
Jan 31 13:43:16 bastion sshd[6679]: error: PAM: Authentication failure for illegal user testing from 27.70.134.169
Jan 31 13:43:16 bastion sshd[6679]: Failed keyboard-interactive/pam for invalid user testing from 27.70.134.169 port 40528 ssh2
Jan 31 13:43:16 bastion sshd[6685]: Connection from 116.106.17.39 port 48518 on 164.8.230.209 port 22 rdomain ""
Jan 31 13:43:17 bastion sshd[6679]: Connection closed by invalid user testing 27.70.134.169 port 40528 [preauth]
Jan 31 13:43:17 bastion sshd[6681]: error: PAM: Authentication failure for illegal user test from 27.70.134.169
Jan 31 13:43:17 bastion sshd[6681]: Failed keyboard-interactive/pam for invalid user test from 27.70.134.169 port 39294 ssh2
Jan 31 13:43:17 bastion sshd[6689]: Connection from 27.70.134.169 port 46810 on 164.8.230.209 port 22 rdomain ""
Jan 31 13:43:18 bastion sshd[6681]: Connection closed by invalid user test 27.70.134.169 port 39294 [preauth]
Jan 31 13:43:18 bastion sshd[6677]: error: PAM: Authentication failure for illegal user customs from 27.70.134.169
Jan 31 13:43:18 bastion sshd[6677]: Failed keyboard-interactive/pam for invalid user customs from 27.70.134.169 port 47050 ssh2
Jan 31 13:43:18 bastion sshd[6692]: Connection from 27.70.134.169 port 48434 on 164.8.230.209 port 22 rdomain ""
Jan 31 13:43:18 bastion sshd[6677]: Connection closed by invalid user customs 27.70.134.169 port 47050 [preauth]
Jan 31 13:43:18 bastion sshd[6685]: Invalid user test from 116.106.17.39 port 48518
Jan 31 13:43:19 bastion sshd[6694]: Connection from 27.70.134.169 port 50138 on 164.8.230.209 port 22 rdomain ""
Jan 31 13:43:19 bastion sshd[6685]: error: PAM: Authentication failure for illegal user test from 116.106.17.39
Jan 31 13:43:19 bastion sshd[6685]: Failed keyboard-interactive/pam for invalid user test from 116.106.17.39 port 48518 ssh2
Jan 31 13:43:19 bastion sshd[6697]: Connection from 27.70.134.169 port 52290 on 164.8.230.209 port 22 rdomain ""
Jan 31 13:43:19 bastion sshd[6685]: Connection closed by invalid user test 116.106.17.39 port 48518 [preauth]
Jan 31 13:43:20 bastion sshd[6692]: Invalid user mysql from 27.70.134.169 port 48434
Jan 31 13:43:20 bastion sshd[6683]: Invalid user ftpuser from 116.106.17.39 port 48704
Jan 31 13:43:20 bastion sshd[6683]: error: PAM: Authentication failure for illegal user ftpuser from 116.106.17.39
Jan 31 13:43:20 bastion sshd[6683]: Failed keyboard-interactive/pam for invalid user ftpuser from 116.106.17.39 port 48704 ssh2
Jan 31 13:43:20 bastion sshd[6689]: Invalid user anna from 27.70.134.169 port 46810
Jan 31 13:43:21 bastion sshd[6683]: Connection closed by invalid user ftpuser 116.106.17.39 port 48704 [preauth]
Jan 31 13:43:21 bastion sshd[6689]: error: PAM: Authentication failure for illegal user anna from 27.70.134.169
Jan 31 13:43:21 bastion sshd[6689]: Failed keyboard-interactive/pam for invalid user anna from 27.70.134.169 port 46810 ssh2
Jan 31 13:43:21 bastion sshd[6689]: Connection closed by invalid user anna 27.70.134.169 port 46810 [preauth]
Jan 31 13:43:23 bastion sshd[6701]: Connection from 116.106.17.39 port 44336 on 164.8.230.209 port 22 rdomain ""
Jan 31 13:43:23 bastion sshd[6694]: Invalid user vyos from 27.70.134.169 port 50138
Jan 31 13:43:23 bastion sshd[6703]: Connection from 27.70.134.169 port 38726 on 164.8.230.209 port 22 rdomain ""
Jan 31 13:43:24 bastion sshd[6692]: error: PAM: Authentication failure for illegal user mysql from 27.70.134.169
Jan 31 13:43:24 bastion sshd[6692]: Failed keyboard-interactive/pam for invalid user mysql from 27.70.134.169 port 48434 ssh2
Jan 31 13:43:24 bastion sshd[6706]: Connection from 27.70.134.169 port 39764 on 164.8.230.209 port 22 rdomain ""
Jan 31 13:43:24 bastion sshd[6694]: error: PAM: Authentication failure for illegal user vyos from 27.70.134.169
Jan 31 13:43:24 bastion sshd[6694]: Failed keyboard-interactive/pam for invalid user vyos from 27.70.134.169 port 50138 ssh2
Jan 31 13:43:25 bastion sshd[6709]: Connection from 116.106.17.39 port 58662 on 164.8.230.209 port 22 rdomain ""
Jan 31 13:43:25 bastion sshd[6697]: error: PAM: Authentication failure for root from 27.70.134.169
Jan 31 13:43:25 bastion sshd[6697]: Failed keyboard-interactive/pam for root from 27.70.134.169 port 52290 ssh2
Jan 31 13:43:25 bastion sshd[6694]: Connection closed by invalid user vyos 27.70.134.169 port 50138 [preauth]
Jan 31 13:43:25 bastion sshd[6697]: Connection closed by authenticating user root 27.70.134.169 port 52290 [preauth]
Jan 31 13:43:25 bastion sshd[6701]: Invalid user dbuser from 116.106.17.39 port 44336
Jan 31 13:43:25 bastion sshd[6692]: Connection closed by invalid user mysql 27.70.134.169 port 48434 [preauth]
Jan 31 13:43:26 bastion sshd[6701]: error: PAM: Authentication failure for illegal user dbuser from 116.106.17.39
Jan 31 13:43:26 bastion sshd[6701]: Failed keyboard-interactive/pam for invalid user dbuser from 116.106.17.39 port 44336 ssh2
Jan 31 13:43:26 bastion sshd[6706]: Invalid user admin from 27.70.134.169 port 39764
Jan 31 13:43:26 bastion sshd[6703]: Invalid user admin from 27.70.134.169 port 38726
Jan 31 13:43:26 bastion sshd[6706]: error: PAM: Authentication failure for illegal user admin from 27.70.134.169
Jan 31 13:43:26 bastion sshd[6706]: Failed keyboard-interactive/pam for invalid user admin from 27.70.134.169 port 39764 ssh2
Jan 31 13:43:26 bastion sshd[6701]: Connection closed by invalid user dbuser 116.106.17.39 port 44336 [preauth]
Jan 31 13:43:27 bastion sshd[6703]: error: PAM: Authentication failure for illegal user admin from 27.70.134.169
Jan 31 13:43:27 bastion sshd[6703]: Failed keyboard-interactive/pam for invalid user admin from 27.70.134.169 port 38726 ssh2
Jan 31 13:43:27 bastion sshd[6706]: Connection closed by invalid user admin 27.70.134.169 port 39764 [preauth]
Jan 31 13:43:27 bastion sshd[6703]: Connection closed by invalid user admin 27.70.134.169 port 38726 [preauth]
Jan 31 13:43:27 bastion sshd[6715]: Connection from 27.70.134.169 port 53514 on 164.8.230.209 port 22 rdomain ""
Jan 31 13:43:28 bastion sshd[6717]: Connection from 27.70.134.169 port 58014 on 164.8.230.209 port 22 rdomain ""
Jan 31 13:43:28 bastion sshd[6719]: Connection from 27.70.134.169 port 58702 on 164.8.230.209 port 22 rdomain ""
Jan 31 13:43:28 bastion sshd[6709]: Invalid user admin from 116.106.17.39 port 58662
Jan 31 13:43:28 bastion sshd[6721]: Connection from 116.106.17.39 port 47412 on 164.8.230.209 port 22 rdomain ""
Jan 31 13:43:28 bastion sshd[6723]: Connection from 27.70.134.169 port 58602 on 164.8.230.209 port 22 rdomain ""
Jan 31 13:43:28 bastion sshd[6724]: Connection from 27.70.134.169 port 58844 on 164.8.230.209 port 22 rdomain ""
Jan 31 13:43:29 bastion sshd[6727]: Connection from 116.106.17.39 port 41774 on 164.8.230.209 port 22 rdomain ""
Jan 31 13:43:29 bastion sshd[6709]: error: PAM: Authentication failure for illegal user admin from 116.106.17.39
Jan 31 13:43:29 bastion sshd[6709]: Failed keyboard-interactive/pam for invalid user admin from 116.106.17.39 port 58662 ssh2
Jan 31 13:43:29 bastion sshd[6709]: Connection closed by invalid user admin 116.106.17.39 port 58662 [preauth]
Jan 31 13:43:30 bastion sshd[6715]: Invalid user cpanel from 27.70.134.169 port 53514
Jan 31 13:43:30 bastion sshd[6727]: Invalid user kim from 116.106.17.39 port 41774
Jan 31 13:43:30 bastion sshd[6724]: Invalid user admin from 27.70.134.169 port 58844
Jan 31 13:43:31 bastion sshd[6727]: error: PAM: Authentication failure for illegal user kim from 116.106.17.39
Jan 31 13:43:31 bastion sshd[6727]: Failed keyboard-interactive/pam for invalid user kim from 116.106.17.39 port 41774 ssh2
Jan 31 13:43:31 bastion sshd[6731]: Connection from 116.106.17.39 port 53324 on 164.8.230.209 port 22 rdomain ""
Jan 31 13:43:31 bastion sshd[6723]: Invalid user admin from 27.70.134.169 port 58602
Jan 31 13:43:31 bastion sshd[6715]: error: PAM: Authentication failure for illegal user cpanel from 27.70.134.169
Jan 31 13:43:31 bastion sshd[6715]: Failed keyboard-interactive/pam for invalid user cpanel from 27.70.134.169 port 53514 ssh2
Jan 31 13:43:31 bastion sshd[6727]: Connection closed by invalid user kim 116.106.17.39 port 41774 [preauth]
Jan 31 13:43:31 bastion sshd[6717]: Invalid user digital from 27.70.134.169 port 58014
Jan 31 13:43:32 bastion sshd[6723]: error: PAM: Authentication failure for illegal user admin from 27.70.134.169
Jan 31 13:43:32 bastion sshd[6723]: Failed keyboard-interactive/pam for invalid user admin from 27.70.134.169 port 58602 ssh2
Jan 31 13:43:32 bastion sshd[6715]: Connection closed by invalid user cpanel 27.70.134.169 port 53514 [preauth]
Jan 31 13:43:32 bastion sshd[6717]: error: PAM: Authentication failure for illegal user digital from 27.70.134.169
Jan 31 13:43:32 bastion sshd[6717]: Failed keyboard-interactive/pam for invalid user digital from 27.70.134.169 port 58014 ssh2
Jan 31 13:43:32 bastion sshd[6719]: Invalid user ashok from 27.70.134.169 port 58702
Jan 31 13:43:32 bastion sshd[6724]: error: PAM: Authentication failure for illegal user admin from 27.70.134.169
Jan 31 13:43:32 bastion sshd[6724]: Failed keyboard-interactive/pam for invalid user admin from 27.70.134.169 port 58844 ssh2
Jan 31 13:43:32 bastion sshd[6737]: Connection from 116.106.17.39 port 33514 on 164.8.230.209 port 22 rdomain ""
Jan 31 13:43:32 bastion sshd[6723]: Connection closed by invalid user admin 27.70.134.169 port 58602 [preauth]
Jan 31 13:43:32 bastion sshd[6719]: error: PAM: Authentication failure for illegal user ashok from 27.70.134.169
Jan 31 13:43:32 bastion sshd[6719]: Failed keyboard-interactive/pam for invalid user ashok from 27.70.134.169 port 58702 ssh2
Jan 31 13:43:32 bastion sshd[6731]: error: PAM: Authentication failure for root from 116.106.17.39
Jan 31 13:43:32 bastion sshd[6731]: Failed keyboard-interactive/pam for root from 116.106.17.39 port 53324 ssh2
Jan 31 13:43:32 bastion sshd[6717]: Connection closed by invalid user digital 27.70.134.169 port 58014 [preauth]
Jan 31 13:43:32 bastion sshd[6724]: Connection closed by invalid user admin 27.70.134.169 port 58844 [preauth]
Jan 31 13:43:33 bastion sshd[6741]: Connection from 116.106.17.39 port 36616 on 164.8.230.209 port 22 rdomain ""
Jan 31 13:43:33 bastion sshd[6719]: Connection closed by invalid user ashok 27.70.134.169 port 58702 [preauth]
Jan 31 13:43:33 bastion sshd[6742]: Connection from 116.106.17.39 port 37168 on 164.8.230.209 port 22 rdomain ""
Jan 31 13:43:33 bastion sshd[6731]: Connection closed by authenticating user root 116.106.17.39 port 53324 [preauth]
Jan 31 13:43:33 bastion sshd[6721]: error: PAM: Authentication failure for root from 116.106.17.39
Jan 31 13:43:33 bastion sshd[6721]: Failed keyboard-interactive/pam for root from 116.106.17.39 port 47412 ssh2
Jan 31 13:43:34 bastion sshd[6746]: Connection from 116.106.17.39 port 44204 on 164.8.230.209 port 22 rdomain ""
Jan 31 13:43:34 bastion sshd[6721]: Connection closed by authenticating user root 116.106.17.39 port 47412 [preauth]
Jan 31 13:43:35 bastion sshd[6737]: Invalid user sync from 116.106.17.39 port 33514
Jan 31 13:43:35 bastion sshd[6737]: error: PAM: Authentication failure for illegal user sync from 116.106.17.39
Jan 31 13:43:35 bastion sshd[6737]: Failed keyboard-interactive/pam for invalid user sync from 116.106.17.39 port 33514 ssh2
Jan 31 13:43:36 bastion sshd[6737]: Connection closed by invalid user sync 116.106.17.39 port 33514 [preauth]
Jan 31 13:43:36 bastion sshd[6742]: Invalid user add from 116.106.17.39 port 37168
Jan 31 13:43:36 bastion sshd[6749]: Connection from 116.106.17.39 port 48800 on 164.8.230.209 port 22 rdomain ""
Jan 31 13:43:36 bastion sshd[6742]: error: PAM: Authentication failure for illegal user add from 116.106.17.39
Jan 31 13:43:36 bastion sshd[6742]: Failed keyboard-interactive/pam for invalid user add from 116.106.17.39 port 37168 ssh2
Jan 31 13:43:37 bastion sshd[6741]: Invalid user webuser from 116.106.17.39 port 36616
Jan 31 13:43:37 bastion sshd[6752]: Connection from 116.106.17.39 port 56782 on 164.8.230.209 port 22 rdomain ""
Jan 31 13:43:37 bastion sshd[6741]: error: PAM: Authentication failure for illegal user webuser from 116.106.17.39
Jan 31 13:43:37 bastion sshd[6741]: Failed keyboard-interactive/pam for invalid user webuser from 116.106.17.39 port 36616 ssh2
Jan 31 13:43:38 bastion sshd[6742]: Connection closed by invalid user add 116.106.17.39 port 37168 [preauth]
Jan 31 13:43:38 bastion sshd[6755]: Connection from 116.106.17.39 port 56648 on 164.8.230.209 port 22 rdomain ""
Jan 31 13:43:38 bastion sshd[6741]: Connection closed by invalid user webuser 116.106.17.39 port 36616 [preauth]
Jan 31 13:43:38 bastion sshd[6749]: Invalid user system from 116.106.17.39 port 48800
Jan 31 13:43:38 bastion sshd[6749]: error: PAM: Authentication failure for illegal user system from 116.106.17.39
Jan 31 13:43:38 bastion sshd[6749]: Failed keyboard-interactive/pam for invalid user system from 116.106.17.39 port 48800 ssh2
Jan 31 13:43:39 bastion sshd[6746]: error: PAM: Authentication failure for sshd from 116.106.17.39
Jan 31 13:43:39 bastion sshd[6746]: Failed keyboard-interactive/pam for sshd from 116.106.17.39 port 44204 ssh2
Jan 31 13:43:39 bastion sshd[6749]: Connection closed by invalid user system 116.106.17.39 port 48800 [preauth]
Jan 31 13:43:39 bastion sshd[6752]: Invalid user admin from 116.106.17.39 port 56782
Jan 31 13:43:39 bastion sshd[6746]: Connection closed by authenticating user sshd 116.106.17.39 port 44204 [preauth]
Jan 31 13:43:39 bastion sshd[6752]: error: PAM: Authentication failure for illegal user admin from 116.106.17.39
Jan 31 13:43:39 bastion sshd[6752]: Failed keyboard-interactive/pam for invalid user admin from 116.106.17.39 port 56782 ssh2
Jan 31 13:43:40 bastion sshd[6760]: Connection from 116.106.17.39 port 38164 on 164.8.230.209 port 22 rdomain ""
Jan 31 13:43:40 bastion sshd[6752]: Connection closed by invalid user admin 116.106.17.39 port 56782 [preauth]
Jan 31 13:43:41 bastion sshd[6755]: Invalid user factorio from 116.106.17.39 port 56648
Jan 31 13:43:41 bastion sshd[6755]: error: PAM: Authentication failure for illegal user factorio from 116.106.17.39
Jan 31 13:43:41 bastion sshd[6755]: Failed keyboard-interactive/pam for invalid user factorio from 116.106.17.39 port 56648 ssh2
Jan 31 13:43:41 bastion sshd[6763]: Connection from 27.70.134.169 port 55388 on 164.8.230.209 port 22 rdomain ""
Jan 31 13:43:41 bastion sshd[6755]: Connection closed by invalid user factorio 116.106.17.39 port 56648 [preauth]
Jan 31 13:43:42 bastion sshd[6765]: Connection from 116.106.17.39 port 46718 on 164.8.230.209 port 22 rdomain ""
Jan 31 13:43:42 bastion sshd[6767]: Connection from 116.106.17.39 port 49860 on 164.8.230.209 port 22 rdomain ""
Jan 31 13:43:43 bastion sshd[6769]: Connection from 116.106.17.39 port 53918 on 164.8.230.209 port 22 rdomain ""
Jan 31 13:43:43 bastion sshd[6771]: Connection from 27.70.134.169 port 60082 on 164.8.230.209 port 22 rdomain ""
Jan 31 13:43:44 bastion sshd[6760]: Invalid user admin from 116.106.17.39 port 38164
Jan 31 13:43:44 bastion sshd[6760]: error: PAM: Authentication failure for illegal user admin from 116.106.17.39
Jan 31 13:43:44 bastion sshd[6760]: Failed keyboard-interactive/pam for invalid user admin from 116.106.17.39 port 38164 ssh2
Jan 31 13:43:44 bastion sshd[6765]: Invalid user anon from 116.106.17.39 port 46718
Jan 31 13:43:44 bastion sshd[6760]: Connection closed by invalid user admin 116.106.17.39 port 38164 [preauth]
Jan 31 13:43:44 bastion sshd[6763]: Invalid user ryan from 27.70.134.169 port 55388
Jan 31 13:43:45 bastion sshd[6765]: error: PAM: Authentication failure for illegal user anon from 116.106.17.39
Jan 31 13:43:45 bastion sshd[6765]: Failed keyboard-interactive/pam for invalid user anon from 116.106.17.39 port 46718 ssh2
Jan 31 13:43:45 bastion sshd[6775]: Connection from 116.106.17.39 port 37284 on 164.8.230.209 port 22 rdomain ""
Jan 31 13:43:45 bastion sshd[6765]: Connection closed by invalid user anon 116.106.17.39 port 46718 [preauth]
Jan 31 13:43:45 bastion sshd[6763]: error: PAM: Authentication failure for illegal user ryan from 27.70.134.169
Jan 31 13:43:45 bastion sshd[6763]: Failed keyboard-interactive/pam for invalid user ryan from 27.70.134.169 port 55388 ssh2
Jan 31 13:43:46 bastion sshd[6769]: error: PAM: Authentication failure for root from 116.106.17.39
Jan 31 13:43:46 bastion sshd[6769]: Failed keyboard-interactive/pam for root from 116.106.17.39 port 53918 ssh2
Jan 31 13:43:46 bastion sshd[6763]: Connection closed by invalid user ryan 27.70.134.169 port 55388 [preauth]
Jan 31 13:43:46 bastion sshd[6779]: Connection from 27.70.134.169 port 59606 on 164.8.230.209 port 22 rdomain ""
Jan 31 13:43:46 bastion sshd[6769]: Connection closed by authenticating user root 116.106.17.39 port 53918 [preauth]
Jan 31 13:43:46 bastion sshd[6781]: Connection from 27.70.134.169 port 48710 on 164.8.230.209 port 22 rdomain ""
Jan 31 13:43:46 bastion sshd[6783]: Connection from 116.106.17.39 port 40508 on 164.8.230.209 port 22 rdomain ""
Jan 31 13:43:47 bastion sshd[6767]: error: PAM: Authentication failure for root from 116.106.17.39
Jan 31 13:43:47 bastion sshd[6767]: Failed keyboard-interactive/pam for root from 116.106.17.39 port 49860 ssh2
Jan 31 13:43:47 bastion sshd[6786]: Connection from 116.106.17.39 port 42822 on 164.8.230.209 port 22 rdomain ""
Jan 31 13:43:47 bastion sshd[6787]: Connection from 116.106.17.39 port 44738 on 164.8.230.209 port 22 rdomain ""
Jan 31 13:43:48 bastion sshd[6790]: Connection from 116.106.17.39 port 48274 on 164.8.230.209 port 22 rdomain ""
Jan 31 13:43:48 bastion sshd[6792]: Connection from 27.70.134.169 port 55470 on 164.8.230.209 port 22 rdomain ""
Jan 31 13:43:48 bastion sshd[6767]: Connection closed by authenticating user root 116.106.17.39 port 49860 [preauth]
Jan 31 13:43:48 bastion sshd[6775]: Invalid user free from 116.106.17.39 port 37284
Jan 31 13:43:48 bastion sshd[6775]: error: PAM: Authentication failure for illegal user free from 116.106.17.39
Jan 31 13:43:48 bastion sshd[6775]: Failed keyboard-interactive/pam for invalid user free from 116.106.17.39 port 37284 ssh2
Jan 31 13:43:49 bastion sshd[6795]: Connection from 116.106.17.39 port 56686 on 164.8.230.209 port 22 rdomain ""
Jan 31 13:43:49 bastion sshd[6779]: Invalid user support1 from 27.70.134.169 port 59606
Jan 31 13:43:49 bastion sshd[6775]: Connection closed by invalid user free 116.106.17.39 port 37284 [preauth]
Jan 31 13:43:49 bastion sshd[6786]: Invalid user testuser from 116.106.17.39 port 42822
Jan 31 13:43:49 bastion sshd[6771]: Invalid user ceo from 27.70.134.169 port 60082
Jan 31 13:43:49 bastion sshd[6787]: Invalid user admin from 116.106.17.39 port 44738
Jan 31 13:43:49 bastion sshd[6779]: error: PAM: Authentication failure for illegal user support1 from 27.70.134.169
Jan 31 13:43:49 bastion sshd[6779]: Failed keyboard-interactive/pam for invalid user support1 from 27.70.134.169 port 59606 ssh2
Jan 31 13:43:49 bastion sshd[6786]: error: PAM: Authentication failure for illegal user testuser from 116.106.17.39
Jan 31 13:43:49 bastion sshd[6786]: Failed keyboard-interactive/pam for invalid user testuser from 116.106.17.39 port 42822 ssh2
Jan 31 13:43:49 bastion sshd[6787]: error: PAM: Authentication failure for illegal user admin from 116.106.17.39
Jan 31 13:43:49 bastion sshd[6787]: Failed keyboard-interactive/pam for invalid user admin from 116.106.17.39 port 44738 ssh2
Jan 31 13:43:50 bastion sshd[6786]: Connection closed by invalid user testuser 116.106.17.39 port 42822 [preauth]
Jan 31 13:43:50 bastion sshd[6787]: Connection closed by invalid user admin 116.106.17.39 port 44738 [preauth]
Jan 31 13:43:50 bastion sshd[6779]: Connection closed by invalid user support1 27.70.134.169 port 59606 [preauth]
Jan 31 13:43:50 bastion sshd[6771]: error: PAM: Authentication failure for illegal user ceo from 27.70.134.169
Jan 31 13:43:50 bastion sshd[6771]: Failed keyboard-interactive/pam for invalid user ceo from 27.70.134.169 port 60082 ssh2
Jan 31 13:43:50 bastion sshd[6771]: Connection closed by invalid user ceo 27.70.134.169 port 60082 [preauth]
Jan 31 13:43:51 bastion sshd[6790]: error: PAM: Authentication failure for root from 116.106.17.39
Jan 31 13:43:51 bastion sshd[6790]: Failed keyboard-interactive/pam for root from 116.106.17.39 port 48274 ssh2
Jan 31 13:43:51 bastion sshd[6781]: Invalid user sh from 27.70.134.169 port 48710
Jan 31 13:43:51 bastion sshd[6792]: Invalid user car from 27.70.134.169 port 55470
Jan 31 13:43:51 bastion sshd[6795]: Invalid user incoming from 116.106.17.39 port 56686
Jan 31 13:43:51 bastion sshd[6783]: Invalid user bob from 116.106.17.39 port 40508
Jan 31 13:43:51 bastion sshd[6781]: error: PAM: Authentication failure for illegal user sh from 27.70.134.169
Jan 31 13:43:51 bastion sshd[6781]: Failed keyboard-interactive/pam for invalid user sh from 27.70.134.169 port 48710 ssh2
Jan 31 13:43:51 bastion sshd[6790]: Connection closed by authenticating user root 116.106.17.39 port 48274 [preauth]
Jan 31 13:43:51 bastion sshd[6792]: error: PAM: Authentication failure for illegal user car from 27.70.134.169
Jan 31 13:43:51 bastion sshd[6792]: Failed keyboard-interactive/pam for invalid user car from 27.70.134.169 port 55470 ssh2
Jan 31 13:43:52 bastion sshd[6783]: error: PAM: Authentication failure for illegal user bob from 116.106.17.39
Jan 31 13:43:52 bastion sshd[6783]: Failed keyboard-interactive/pam for invalid user bob from 116.106.17.39 port 40508 ssh2
Jan 31 13:43:52 bastion sshd[6781]: Connection closed by invalid user sh 27.70.134.169 port 48710 [preauth]
Jan 31 13:43:52 bastion sshd[6795]: error: PAM: Authentication failure for illegal user incoming from 116.106.17.39
Jan 31 13:43:52 bastion sshd[6795]: Failed keyboard-interactive/pam for invalid user incoming from 116.106.17.39 port 56686 ssh2
Jan 31 13:43:52 bastion sshd[6792]: Connection closed by invalid user car 27.70.134.169 port 55470 [preauth]
Jan 31 13:43:52 bastion sshd[6783]: Connection closed by invalid user bob 116.106.17.39 port 40508 [preauth]
Jan 31 13:43:52 bastion sshd[6795]: Connection closed by invalid user incoming 116.106.17.39 port 56686 [preauth]
Jan 31 13:43:53 bastion sshd[6806]: Connection from 27.70.134.169 port 39958 on 164.8.230.209 port 22 rdomain ""
Jan 31 13:43:55 bastion sshd[6806]: Invalid user yang from 27.70.134.169 port 39958
Jan 31 13:43:55 bastion sshd[6806]: error: PAM: Authentication failure for illegal user yang from 27.70.134.169
Jan 31 13:43:55 bastion sshd[6806]: Failed keyboard-interactive/pam for invalid user yang from 27.70.134.169 port 39958 ssh2
Jan 31 13:43:55 bastion sshd[6809]: Connection from 116.106.17.39 port 35380 on 164.8.230.209 port 22 rdomain ""
Jan 31 13:43:56 bastion sshd[6806]: Connection closed by invalid user yang 27.70.134.169 port 39958 [preauth]
Jan 31 13:43:57 bastion sshd[6811]: Connection from 116.106.17.39 port 60574 on 164.8.230.209 port 22 rdomain ""
Jan 31 13:43:58 bastion sshd[6813]: Connection from 27.70.134.169 port 47320 on 164.8.230.209 port 22 rdomain ""
Jan 31 13:43:59 bastion sshd[6815]: Connection from 116.106.17.39 port 53322 on 164.8.230.209 port 22 rdomain ""
Jan 31 13:43:59 bastion sshd[6809]: error: PAM: Authentication failure for root from 116.106.17.39
Jan 31 13:43:59 bastion sshd[6809]: Failed keyboard-interactive/pam for root from 116.106.17.39 port 35380 ssh2
Jan 31 13:44:00 bastion sshd[6809]: Connection closed by authenticating user root 116.106.17.39 port 35380 [preauth]
Jan 31 13:44:00 bastion sshd[6818]: Connection from 27.70.134.169 port 39983 on 164.8.230.209 port 22 rdomain ""
Jan 31 13:44:01 bastion sshd[6820]: Connection from 116.106.17.39 port 33690 on 164.8.230.209 port 22 rdomain ""
Jan 31 13:44:01 bastion sshd[6821]: Connection from 116.106.17.39 port 34078 on 164.8.230.209 port 22 rdomain ""
Jan 31 13:44:01 bastion sshd[6813]: Invalid user butter from 27.70.134.169 port 47320
Jan 31 13:44:01 bastion sshd[6813]: error: PAM: Authentication failure for illegal user butter from 27.70.134.169
Jan 31 13:44:01 bastion sshd[6813]: Failed keyboard-interactive/pam for invalid user butter from 27.70.134.169 port 47320 ssh2
Jan 31 13:44:02 bastion sshd[6811]: error: PAM: Authentication failure for root from 116.106.17.39
Jan 31 13:44:02 bastion sshd[6811]: Failed keyboard-interactive/pam for root from 116.106.17.39 port 60574 ssh2
Jan 31 13:44:02 bastion sshd[6813]: Connection closed by invalid user butter 27.70.134.169 port 47320 [preauth]
Jan 31 13:44:02 bastion sshd[6826]: Connection from 27.70.134.169 port 38978 on 164.8.230.209 port 22 rdomain ""
Jan 31 13:44:02 bastion sshd[6818]: Invalid user prueba from 27.70.134.169 port 39983
Jan 31 13:44:02 bastion sshd[6815]: Invalid user 12qwaszx from 116.106.17.39 port 53322
Jan 31 13:44:03 bastion sshd[6818]: error: PAM: Authentication failure for illegal user prueba from 27.70.134.169
Jan 31 13:44:03 bastion sshd[6818]: Failed keyboard-interactive/pam for invalid user prueba from 27.70.134.169 port 39983 ssh2
Jan 31 13:44:03 bastion sshd[6815]: error: PAM: Authentication failure for illegal user 12qwaszx from 116.106.17.39
Jan 31 13:44:03 bastion sshd[6815]: Failed keyboard-interactive/pam for invalid user 12qwaszx from 116.106.17.39 port 53322 ssh2
Jan 31 13:44:03 bastion sshd[6818]: Connection closed by invalid user prueba 27.70.134.169 port 39983 [preauth]
Jan 31 13:44:03 bastion sshd[6815]: Connection closed by invalid user 12qwaszx 116.106.17.39 port 53322 [preauth]
Jan 31 13:44:03 bastion sshd[6830]: Connection from 27.70.134.169 port 39804 on 164.8.230.209 port 22 rdomain ""
Jan 31 13:44:04 bastion sshd[6826]: error: PAM: Authentication failure for root from 27.70.134.169
Jan 31 13:44:04 bastion sshd[6826]: Failed keyboard-interactive/pam for root from 27.70.134.169 port 38978 ssh2
Jan 31 13:44:04 bastion sshd[6811]: Connection closed by authenticating user root 116.106.17.39 port 60574 [preauth]
Jan 31 13:44:05 bastion sshd[6826]: Connection closed by authenticating user root 27.70.134.169 port 38978 [preauth]
Jan 31 13:44:05 bastion sshd[6820]: error: PAM: Authentication failure for root from 116.106.17.39
Jan 31 13:44:05 bastion sshd[6820]: Failed keyboard-interactive/pam for root from 116.106.17.39 port 33690 ssh2
Jan 31 13:44:05 bastion sshd[6834]: Connection from 116.106.17.39 port 45058 on 164.8.230.209 port 22 rdomain ""
Jan 31 13:44:06 bastion sshd[6820]: Connection closed by authenticating user root 116.106.17.39 port 33690 [preauth]
Jan 31 13:44:06 bastion sshd[6821]: error: PAM: Authentication failure for user from 116.106.17.39
Jan 31 13:44:06 bastion sshd[6821]: Failed keyboard-interactive/pam for user from 116.106.17.39 port 34078 ssh2
Jan 31 13:44:06 bastion sshd[6821]: Connection closed by authenticating user user 116.106.17.39 port 34078 [preauth]
Jan 31 13:44:06 bastion sshd[6837]: Connection from 27.70.134.169 port 60990 on 164.8.230.209 port 22 rdomain ""
Jan 31 13:44:08 bastion sshd[6830]: Invalid user admin from 27.70.134.169 port 39804
Jan 31 13:44:08 bastion sshd[6837]: Invalid user pentaho from 27.70.134.169 port 60990
Jan 31 13:44:08 bastion sshd[6830]: error: PAM: Authentication failure for illegal user admin from 27.70.134.169
Jan 31 13:44:08 bastion sshd[6830]: Failed keyboard-interactive/pam for invalid user admin from 27.70.134.169 port 39804 ssh2
Jan 31 13:44:09 bastion sshd[6830]: Connection closed by invalid user admin 27.70.134.169 port 39804 [preauth]
Jan 31 13:44:09 bastion sshd[6837]: error: PAM: Authentication failure for illegal user pentaho from 27.70.134.169
Jan 31 13:44:09 bastion sshd[6837]: Failed keyboard-interactive/pam for invalid user pentaho from 27.70.134.169 port 60990 ssh2
Jan 31 13:44:09 bastion sshd[6834]: Invalid user upload from 116.106.17.39 port 45058
Jan 31 13:44:09 bastion sshd[6837]: Connection closed by invalid user pentaho 27.70.134.169 port 60990 [preauth]
Jan 31 13:44:10 bastion sshd[6834]: error: PAM: Authentication failure for illegal user upload from 116.106.17.39
Jan 31 13:44:10 bastion sshd[6834]: Failed keyboard-interactive/pam for invalid user upload from 116.106.17.39 port 45058 ssh2
Jan 31 13:44:10 bastion sshd[6842]: Connection from 116.106.17.39 port 39358 on 164.8.230.209 port 22 rdomain ""
Jan 31 13:44:10 bastion sshd[6834]: Connection closed by invalid user upload 116.106.17.39 port 45058 [preauth]
Jan 31 13:44:11 bastion sshd[6844]: Connection from 116.106.17.39 port 33882 on 164.8.230.209 port 22 rdomain ""
Jan 31 13:44:11 bastion sshd[6845]: Connection from 27.70.134.169 port 38410 on 164.8.230.209 port 22 rdomain ""
Jan 31 13:44:13 bastion sshd[6848]: Connection from 116.106.17.39 port 42272 on 164.8.230.209 port 22 rdomain ""
Jan 31 13:44:13 bastion sshd[6842]: Invalid user chris from 116.106.17.39 port 39358
Jan 31 13:44:14 bastion sshd[6842]: error: PAM: Authentication failure for illegal user chris from 116.106.17.39
Jan 31 13:44:14 bastion sshd[6842]: Failed keyboard-interactive/pam for invalid user chris from 116.106.17.39 port 39358 ssh2
Jan 31 13:44:14 bastion sshd[6851]: Connection from 116.106.17.39 port 46380 on 164.8.230.209 port 22 rdomain ""
Jan 31 13:44:14 bastion sshd[6845]: Invalid user dummy from 27.70.134.169 port 38410
Jan 31 13:44:14 bastion sshd[6842]: Connection closed by invalid user chris 116.106.17.39 port 39358 [preauth]
Jan 31 13:44:15 bastion sshd[6853]: Connection from 116.106.17.39 port 35986 on 164.8.230.209 port 22 rdomain ""
Jan 31 13:44:15 bastion sshd[6844]: Invalid user security from 116.106.17.39 port 33882
Jan 31 13:44:15 bastion sshd[6855]: Connection from 116.106.17.39 port 38756 on 164.8.230.209 port 22 rdomain ""
Jan 31 13:44:15 bastion sshd[6848]: Invalid user admin from 116.106.17.39 port 42272
Jan 31 13:44:15 bastion sshd[6844]: error: PAM: Authentication failure for illegal user security from 116.106.17.39
Jan 31 13:44:15 bastion sshd[6844]: Failed keyboard-interactive/pam for invalid user security from 116.106.17.39 port 33882 ssh2
Jan 31 13:44:15 bastion sshd[6857]: Connection from 116.106.17.39 port 57854 on 164.8.230.209 port 22 rdomain ""
Jan 31 13:44:16 bastion sshd[6848]: error: PAM: Authentication failure for illegal user admin from 116.106.17.39
Jan 31 13:44:16 bastion sshd[6848]: Failed keyboard-interactive/pam for invalid user admin from 116.106.17.39 port 42272 ssh2
Jan 31 13:44:16 bastion sshd[6845]: error: PAM: Authentication failure for illegal user dummy from 27.70.134.169
Jan 31 13:44:16 bastion sshd[6845]: Failed keyboard-interactive/pam for invalid user dummy from 27.70.134.169 port 38410 ssh2
Jan 31 13:44:16 bastion sshd[6844]: Connection closed by invalid user security 116.106.17.39 port 33882 [preauth]
Jan 31 13:44:16 bastion sshd[6848]: Connection closed by invalid user admin 116.106.17.39 port 42272 [preauth]
Jan 31 13:44:17 bastion sshd[6845]: Connection closed by invalid user dummy 27.70.134.169 port 38410 [preauth]
Jan 31 13:44:17 bastion sshd[6862]: Connection from 27.70.134.169 port 38548 on 164.8.230.209 port 22 rdomain ""
Jan 31 13:44:17 bastion sshd[6851]: Invalid user svsmi from 116.106.17.39 port 46380
Jan 31 13:44:17 bastion sshd[6855]: Invalid user javanetworks from 116.106.17.39 port 38756
Jan 31 13:44:18 bastion sshd[6864]: Connection from 27.70.134.169 port 42290 on 164.8.230.209 port 22 rdomain ""
Jan 31 13:44:18 bastion sshd[6851]: error: PAM: Authentication failure for illegal user svsmi from 116.106.17.39
Jan 31 13:44:18 bastion sshd[6851]: Failed keyboard-interactive/pam for invalid user svsmi from 116.106.17.39 port 46380 ssh2
Jan 31 13:44:18 bastion sshd[6855]: error: PAM: Authentication failure for illegal user javanetworks from 116.106.17.39
Jan 31 13:44:18 bastion sshd[6855]: Failed keyboard-interactive/pam for invalid user javanetworks from 116.106.17.39 port 38756 ssh2
Jan 31 13:44:18 bastion sshd[6853]: Invalid user dvs from 116.106.17.39 port 35986
Jan 31 13:44:18 bastion sshd[6851]: Connection closed by invalid user svsmi 116.106.17.39 port 46380 [preauth]
